[19:21:22] [main/INFO] (FabricLoader/GameProvider) Loading Minecraft 1.21.11 with Fabric Loader 0.19.3
[19:21:22] [ForkJoinPool-1-worker-1/WARN] (FabricLoader/Metadata) Mod com_github_rtyley_animated-gif-lib-for-java uses the version animated-gif-lib-1.7 which isn't compatible with Loader's extended semantic version format (Could not parse version number component 'animated'!), SemVer is recommended for reliably evaluating dependencies and prioritizing newer version
[19:21:22] [main/INFO] (FabricLoader) Loading 76 mods:
	- dh-api 1.0
	- distanthorizons 3.3.0
	- fabric-api 0.141.6+1.21.11
	- fabric-api-base 1.0.5+4ebb5c083e
	- fabric-api-lookup-api-v1 1.6.114+20dc27073e
	- fabric-biome-api-v1 17.1.1+4fc5413f3e
	- fabric-block-api-v1 1.1.10+4ebb5c083e
	- fabric-block-view-api-v2 1.0.39+4ebb5c083e
	- fabric-client-gametest-api-v1 4.3.5+bfe9fcf43e
	- fabric-command-api-v2 2.4.7+6b42a6003e
	- fabric-content-registries-v0 10.2.14+4fc5413f3e
	- fabric-convention-tags-v1 2.1.55+7f945d5b3e
	- fabric-convention-tags-v2 2.17.3+8ef948ba3e
	- fabric-crash-report-info-v1 0.3.23+4ebb5c083e
	- fabric-data-attachment-api-v1 1.8.48+eed0806f3e
	- fabric-data-generation-api-v1 23.5.0+88d7da613e
	- fabric-dimensions-v1 4.0.28+4fc5413f3e
	- fabric-entity-events-v1 3.1.1+1d0ab4303e
	- fabric-events-interaction-v0 4.1.1+3b89ecf63e
	- fabric-game-rule-api-v1 2.0.3+4fc5413f3e
	- fabric-gametest-api-v1 3.1.27+4fc5413f3e
	- fabric-item-api-v1 11.6.0+67f17bb43e
	- fabric-item-group-api-v1 4.2.36+4fc5413f3e
	- fabric-key-binding-api-v1 1.1.7+4fc5413f3e
	- fabric-lifecycle-events-v1 2.6.15+4ebb5c083e
	- fabric-loot-api-v2 3.0.73+3f89f5a53e
	- fabric-loot-api-v3 2.0.20+78c8b4663e
	- fabric-message-api-v1 6.1.12+4ebb5c083e
	- fabric-model-loading-api-v1 6.0.15+4fc5413f3e
	- fabric-networking-api-v1 5.1.6+6b6d71a53e
	- fabric-object-builder-api-v1 21.1.40+4fc5413f3e
	- fabric-particles-v1 4.2.12+4fc5413f3e
	- fabric-recipe-api-v1 8.2.4+4ebb5c083e
	- fabric-registry-sync-v0 6.2.6+1718722b3e
	- fabric-renderer-api-v1 8.0.3+f4ffd2e53e
	- fabric-renderer-indigo 5.0.3+f4ffd2e53e
	- fabric-rendering-fluids-v1 3.1.43+4ebb5c083e
	- fabric-rendering-v1 16.2.10+0290ad933e
	- fabric-resource-conditions-api-v1 5.0.35+4fc5413f3e
	- fabric-resource-loader-v0 3.3.4+4fc5413f3e
	- fabric-resource-loader-v1 1.0.10+78c8b4663e
	- fabric-screen-api-v1 3.1.7+4ebb5c083e
	- fabric-screen-handler-api-v1 1.3.162+4fc5413f3e
	- fabric-serialization-api-v1 1.0.5+4ebb5c083e
	- fabric-sound-api-v1 1.0.51+4fc5413f3e
	- fabric-tag-api-v1 1.3.0+88d7da613e
	- fabric-transfer-api-v1 6.0.25+4fc5413f3e
	- fabric-transitive-access-wideners-v1 7.1.0+014c8cec3e
	- fabricloader 0.19.3
	- fancymenu 3.9.12
	   |-- com_github_keksuccino_japng 0.5.3
	   \-- com_github_rtyley_animated-gif-lib-for-java animated-gif-lib-1.7
	- fpstest 1.0
	- iris 1.10.7+mc1.21.11
	   |-- io_github_douira_glsl-transformer 3.0.0-pre3
	   |-- org_anarres_jcpp 1.4.14
	   \-- org_antlr_antlr4-runtime 4.13.1
	- java 21
	- konkrete 1.9.18
	- melody 1.0.15
	- minecraft 1.21.11
	- mixinextras 0.5.4
	- sodium 0.8.12+mc1.21.11
	- voxy 0.2.16-beta
	   |-- org_apache_commons_commons-pool2 2.12.0
	   |-- org_lwjgl_lwjgl-lmdb 3.3.3
	   |-- org_lwjgl_lwjgl-lmdb_natives-linux 3.3.3
	   |-- org_lwjgl_lwjgl-lmdb_natives-windows 3.3.3
	   |-- org_lwjgl_lwjgl-zstd 3.3.3
	   |-- org_lwjgl_lwjgl-zstd_natives-linux 3.3.3
	   |-- org_lwjgl_lwjgl-zstd_natives-windows 3.3.3
	   |-- org_lz4_lz4-java 1.8.0
	   |-- org_rocksdb_rocksdbjni 10.2.1
	   |-- org_tukaani_xz 1.10
	   \-- redis_clients_jedis 5.1.0
	- voxyworldgenv2 2.2.4
[19:21:23] [pool-2-thread-11/WARN] (FabricLoader/ModRemap) duplicate input class com/seibel/distanthorizons/coreapi/util/jar/DeleteOnUnlock, from /home/ascend/randomBullshit/mcBenchmarkCore/run/mods/DistantHorizonsApi-7.1.0.jar and /home/ascend/randomBullshit/mcBenchmarkCore/run/mods/DistantHorizons-3.3.0-1.21.11-fabric-neoforge.jar
[19:21:23] [pool-2-thread-11/WARN] (FabricLoader/ModRemap) duplicate input class com/seibel/distanthorizons/coreapi/util/TextureUtil, from /home/ascend/randomBullshit/mcBenchmarkCore/run/mods/DistantHorizonsApi-7.1.0.jar and /home/ascend/randomBullshit/mcBenchmarkCore/run/mods/DistantHorizons-3.3.0-1.21.11-fabric-neoforge.jar
[19:21:23] [pool-2-thread-11/WARN] (FabricLoader/ModRemap) duplicate input class com/seibel/distanthorizons/coreapi/util/StringUtil, from /home/ascend/randomBullshit/mcBenchmarkCore/run/mods/DistantHorizonsApi-7.1.0.jar and /home/ascend/randomBullshit/mcBenchmarkCore/run/mods/DistantHorizons-3.3.0-1.21.11-fabric-neoforge.jar
[19:21:23] [pool-2-thread-11/WARN] (FabricLoader/ModRemap) duplicate input class com/seibel/distanthorizons/coreapi/util/MathUtil, from /home/ascend/randomBullshit/mcBenchmarkCore/run/mods/DistantHorizonsApi-7.1.0.jar and /home/ascend/randomBullshit/mcBenchmarkCore/run/mods/DistantHorizons-3.3.0-1.21.11-fabric-neoforge.jar
[19:21:23] [pool-2-thread-11/WARN] (FabricLoader/ModRemap) duplicate input class com/seibel/distanthorizons/coreapi/util/ColorUtil, from /home/ascend/randomBullshit/mcBenchmarkCore/run/mods/DistantHorizonsApi-7.1.0.jar and /home/ascend/randomBullshit/mcBenchmarkCore/run/mods/DistantHorizons-3.3.0-1.21.11-fabric-neoforge.jar
[19:21:23] [pool-2-thread-11/WARN] (FabricLoader/ModRemap) duplicate input class com/seibel/distanthorizons/coreapi/util/BitShiftUtil, from /home/ascend/randomBullshit/mcBenchmarkCore/run/mods/DistantHorizonsApi-7.1.0.jar and /home/ascend/randomBullshit/mcBenchmarkCore/run/mods/DistantHorizons-3.3.0-1.21.11-fabric-neoforge.jar
[19:21:23] [pool-2-thread-11/WARN] (FabricLoader/ModRemap) duplicate input class com/seibel/distanthorizons/coreapi/interfaces/dependencyInjection/IOverrideInjector, from /home/ascend/randomBullshit/mcBenchmarkCore/run/mods/DistantHorizonsApi-7.1.0.jar and /home/ascend/randomBullshit/mcBenchmarkCore/run/mods/DistantHorizons-3.3.0-1.21.11-fabric-neoforge.jar
[19:21:23] [pool-2-thread-11/WARN] (FabricLoader/ModRemap) duplicate input class com/seibel/distanthorizons/coreapi/interfaces/dependencyInjection/IDependencyInjector, from /home/ascend/randomBullshit/mcBenchmarkCore/run/mods/DistantHorizonsApi-7.1.0.jar and /home/ascend/randomBullshit/mcBenchmarkCore/run/mods/DistantHorizons-3.3.0-1.21.11-fabric-neoforge.jar
[19:21:23] [pool-2-thread-11/WARN] (FabricLoader/ModRemap) duplicate input class com/seibel/distanthorizons/coreapi/interfaces/dependencyInjection/IBindable, from /home/ascend/randomBullshit/mcBenchmarkCore/run/mods/DistantHorizonsApi-7.1.0.jar and /home/ascend/randomBullshit/mcBenchmarkCore/run/mods/DistantHorizons-3.3.0-1.21.11-fabric-neoforge.jar
[19:21:23] [pool-2-thread-11/WARN] (FabricLoader/ModRemap) duplicate input class com/seibel/distanthorizons/coreapi/interfaces/config/IConverter, from /home/ascend/randomBullshit/mcBenchmarkCore/run/mods/DistantHorizonsApi-7.1.0.jar and /home/ascend/randomBullshit/mcBenchmarkCore/run/mods/DistantHorizons-3.3.0-1.21.11-fabric-neoforge.jar
[19:21:23] [pool-2-thread-11/WARN] (FabricLoader/ModRemap) duplicate input class com/seibel/distanthorizons/coreapi/ModInfo, from /home/ascend/randomBullshit/mcBenchmarkCore/run/mods/DistantHorizonsApi-7.1.0.jar and /home/ascend/randomBullshit/mcBenchmarkCore/run/mods/DistantHorizons-3.3.0-1.21.11-fabric-neoforge.jar
[19:21:23] [pool-2-thread-11/WARN] (FabricLoader/ModRemap) duplicate input class com/seibel/distanthorizons/coreapi/DependencyInjection/WorldGeneratorInjector, from /home/ascend/randomBullshit/mcBenchmarkCore/run/mods/DistantHorizonsApi-7.1.0.jar and /home/ascend/randomBullshit/mcBenchmarkCore/run/mods/DistantHorizons-3.3.0-1.21.11-fabric-neoforge.jar
[19:21:23] [pool-2-thread-11/WARN] (FabricLoader/ModRemap) duplicate input class com/seibel/distanthorizons/coreapi/DependencyInjection/OverridePriorityListContainer, from /home/ascend/randomBullshit/mcBenchmarkCore/run/mods/DistantHorizonsApi-7.1.0.jar and /home/ascend/randomBullshit/mcBenchmarkCore/run/mods/DistantHorizons-3.3.0-1.21.11-fabric-neoforge.jar
[19:21:23] [pool-2-thread-11/WARN] (FabricLoader/ModRemap) duplicate input class com/seibel/distanthorizons/coreapi/DependencyInjection/OverridePriorityListContainer$OverridePriorityPair, from /home/ascend/randomBullshit/mcBenchmarkCore/run/mods/DistantHorizonsApi-7.1.0.jar and /home/ascend/randomBullshit/mcBenchmarkCore/run/mods/DistantHorizons-3.3.0-1.21.11-fabric-neoforge.jar
[19:21:23] [pool-2-thread-11/WARN] (FabricLoader/ModRemap) duplicate input class com/seibel/distanthorizons/coreapi/DependencyInjection/OverrideInjector, from /home/ascend/randomBullshit/mcBenchmarkCore/run/mods/DistantHorizonsApi-7.1.0.jar and /home/ascend/randomBullshit/mcBenchmarkCore/run/mods/DistantHorizons-3.3.0-1.21.11-fabric-neoforge.jar
[19:21:23] [pool-2-thread-11/WARN] (FabricLoader/ModRemap) duplicate input class com/seibel/distanthorizons/coreapi/DependencyInjection/DependencyInjector, from /home/ascend/randomBullshit/mcBenchmarkCore/run/mods/DistantHorizonsApi-7.1.0.jar and /home/ascend/randomBullshit/mcBenchmarkCore/run/mods/DistantHorizons-3.3.0-1.21.11-fabric-neoforge.jar
[19:21:23] [pool-2-thread-11/WARN] (FabricLoader/ModRemap) duplicate input class com/seibel/distanthorizons/coreapi/DependencyInjection/ApiEventInjector, from /home/ascend/randomBullshit/mcBenchmarkCore/run/mods/DistantHorizonsApi-7.1.0.jar and /home/ascend/randomBullshit/mcBenchmarkCore/run/mods/DistantHorizons-3.3.0-1.21.11-fabric-neoforge.jar
[19:21:23] [pool-2-thread-11/WARN] (FabricLoader/ModRemap) duplicate input class com/seibel/distanthorizons/api/objects/render/DhApiRenderableBoxGroupShading, from /home/ascend/randomBullshit/mcBenchmarkCore/run/mods/DistantHorizonsApi-7.1.0.jar and /home/ascend/randomBullshit/mcBenchmarkCore/run/mods/DistantHorizons-3.3.0-1.21.11-fabric-neoforge.jar
[19:21:23] [pool-2-thread-11/WARN] (FabricLoader/ModRemap) duplicate input class com/seibel/distanthorizons/api/objects/render/DhApiRenderableBox, from /home/ascend/randomBullshit/mcBenchmarkCore/run/mods/DistantHorizonsApi-7.1.0.jar and /home/ascend/randomBullshit/mcBenchmarkCore/run/mods/DistantHorizons-3.3.0-1.21.11-fabric-neoforge.jar
[19:21:23] [pool-2-thread-11/WARN] (FabricLoader/ModRemap) duplicate input class com/seibel/distanthorizons/api/objects/math/DhApiVec3i, from /home/ascend/randomBullshit/mcBenchmarkCore/run/mods/DistantHorizonsApi-7.1.0.jar and /home/ascend/randomBullshit/mcBenchmarkCore/run/mods/DistantHorizons-3.3.0-1.21.11-fabric-neoforge.jar
[19:21:23] [pool-2-thread-11/WARN] (FabricLoader/ModRemap) duplicate input class com/seibel/distanthorizons/api/objects/math/DhApiVec3f, from /home/ascend/randomBullshit/mcBenchmarkCore/run/mods/DistantHorizonsApi-7.1.0.jar and /home/ascend/randomBullshit/mcBenchmarkCore/run/mods/DistantHorizons-3.3.0-1.21.11-fabric-neoforge.jar
[19:21:23] [pool-2-thread-11/WARN] (FabricLoader/ModRemap) duplicate input class com/seibel/distanthorizons/api/objects/math/DhApiVec3d, from /home/ascend/randomBullshit/mcBenchmarkCore/run/mods/DistantHorizonsApi-7.1.0.jar and /home/ascend/randomBullshit/mcBenchmarkCore/run/mods/DistantHorizons-3.3.0-1.21.11-fabric-neoforge.jar
[19:21:23] [pool-2-thread-11/WARN] (FabricLoader/ModRemap) duplicate input class com/seibel/distanthorizons/api/objects/math/DhApiMat4f, from /home/ascend/randomBullshit/mcBenchmarkCore/run/mods/DistantHorizonsApi-7.1.0.jar and /home/ascend/randomBullshit/mcBenchmarkCore/run/mods/DistantHorizons-3.3.0-1.21.11-fabric-neoforge.jar
[19:21:23] [pool-2-thread-11/WARN] (FabricLoader/ModRemap) duplicate input class com/seibel/distanthorizons/api/objects/data/IDhApiFullDataSource, from /home/ascend/randomBullshit/mcBenchmarkCore/run/mods/DistantHorizonsApi-7.1.0.jar and /home/ascend/randomBullshit/mcBenchmarkCore/run/mods/DistantHorizons-3.3.0-1.21.11-fabric-neoforge.jar
[19:21:23] [pool-2-thread-11/WARN] (FabricLoader/ModRemap) duplicate input class com/seibel/distanthorizons/api/objects/data/DhApiTerrainDataPoint, from /home/ascend/randomBullshit/mcBenchmarkCore/run/mods/DistantHorizonsApi-7.1.0.jar and /home/ascend/randomBullshit/mcBenchmarkCore/run/mods/DistantHorizons-3.3.0-1.21.11-fabric-neoforge.jar
[19:21:23] [pool-2-thread-11/WARN] (FabricLoader/ModRemap) duplicate input class com/seibel/distanthorizons/api/objects/data/DhApiRaycastResult, from /home/ascend/randomBullshit/mcBenchmarkCore/run/mods/DistantHorizonsApi-7.1.0.jar and /home/ascend/randomBullshit/mcBenchmarkCore/run/mods/DistantHorizons-3.3.0-1.21.11-fabric-neoforge.jar
[19:21:23] [pool-2-thread-11/WARN] (FabricLoader/ModRemap) duplicate input class com/seibel/distanthorizons/api/objects/data/DhApiChunk, from /home/ascend/randomBullshit/mcBenchmarkCore/run/mods/DistantHorizonsApi-7.1.0.jar and /home/ascend/randomBullshit/mcBenchmarkCore/run/mods/DistantHorizons-3.3.0-1.21.11-fabric-neoforge.jar
[19:21:23] [pool-2-thread-11/WARN] (FabricLoader/ModRemap) duplicate input class com/seibel/distanthorizons/api/objects/DhApiResult, from /home/ascend/randomBullshit/mcBenchmarkCore/run/mods/DistantHorizonsApi-7.1.0.jar and /home/ascend/randomBullshit/mcBenchmarkCore/run/mods/DistantHorizons-3.3.0-1.21.11-fabric-neoforge.jar
[19:21:23] [pool-2-thread-11/WARN] (FabricLoader/ModRemap) duplicate input class com/seibel/distanthorizons/api/methods/override/DhApiWorldGeneratorOverrideRegister, from /home/ascend/randomBullshit/mcBenchmarkCore/run/mods/DistantHorizonsApi-7.1.0.jar and /home/ascend/randomBullshit/mcBenchmarkCore/run/mods/DistantHorizons-3.3.0-1.21.11-fabric-neoforge.jar
[19:21:23] [pool-2-thread-11/WARN] (FabricLoader/ModRemap) duplicate input class com/seibel/distanthorizons/api/methods/events/sharedParameterObjects/DhApiTextureCreatedParam, from /home/ascend/randomBullshit/mcBenchmarkCore/run/mods/DistantHorizonsApi-7.1.0.jar and /home/ascend/randomBullshit/mcBenchmarkCore/run/mods/DistantHorizons-3.3.0-1.21.11-fabric-neoforge.jar
[19:21:23] [pool-2-thread-11/WARN] (FabricLoader/ModRemap) duplicate input class com/seibel/distanthorizons/api/methods/events/sharedParameterObjects/DhApiRenderParam, from /home/ascend/randomBullshit/mcBenchmarkCore/run/mods/DistantHorizonsApi-7.1.0.jar and /home/ascend/randomBullshit/mcBenchmarkCore/run/mods/DistantHorizons-3.3.0-1.21.11-fabric-neoforge.jar
[19:21:23] [pool-2-thread-11/WARN] (FabricLoader/ModRemap) duplicate input class com/seibel/distanthorizons/api/methods/events/sharedParameterObjects/DhApiMutableFogRenderParam, from /home/ascend/randomBullshit/mcBenchmarkCore/run/mods/DistantHorizonsApi-7.1.0.jar and /home/ascend/randomBullshit/mcBenchmarkCore/run/mods/DistantHorizons-3.3.0-1.21.11-fabric-neoforge.jar
[19:21:23] [pool-2-thread-11/WARN] (FabricLoader/ModRemap) duplicate input class com/seibel/distanthorizons/api/methods/events/sharedParameterObjects/DhApiFogRenderParam, from /home/ascend/randomBullshit/mcBenchmarkCore/run/mods/DistantHorizonsApi-7.1.0.jar and /home/ascend/randomBullshit/mcBenchmarkCore/run/mods/DistantHorizons-3.3.0-1.21.11-fabric-neoforge.jar
[19:21:23] [pool-2-thread-11/WARN] (FabricLoader/ModRemap) duplicate input class com/seibel/distanthorizons/api/methods/events/sharedParameterObjects/DhApiEventParam, from /home/ascend/randomBullshit/mcBenchmarkCore/run/mods/DistantHorizonsApi-7.1.0.jar and /home/ascend/randomBullshit/mcBenchmarkCore/run/mods/DistantHorizons-3.3.0-1.21.11-fabric-neoforge.jar
[19:21:23] [pool-2-thread-11/WARN] (FabricLoader/ModRemap) duplicate input class com/seibel/distanthorizons/api/methods/events/sharedParameterObjects/DhApiCancelableEventParam, from /home/ascend/randomBullshit/mcBenchmarkCore/run/mods/DistantHorizonsApi-7.1.0.jar and /home/ascend/randomBullshit/mcBenchmarkCore/run/mods/DistantHorizons-3.3.0-1.21.11-fabric-neoforge.jar
[19:21:23] [pool-2-thread-11/WARN] (FabricLoader/ModRemap) duplicate input class com/seibel/distanthorizons/api/methods/events/interfaces/IDhServerMessageReceived, from /home/ascend/randomBullshit/mcBenchmarkCore/run/mods/DistantHorizonsApi-7.1.0.jar and /home/ascend/randomBullshit/mcBenchmarkCore/run/mods/DistantHorizons-3.3.0-1.21.11-fabric-neoforge.jar
[19:21:23] [pool-2-thread-11/WARN] (FabricLoader/ModRemap) duplicate input class com/seibel/distanthorizons/api/methods/events/interfaces/IDhApiOneTimeEvent, from /home/ascend/randomBullshit/mcBenchmarkCore/run/mods/DistantHorizonsApi-7.1.0.jar and /home/ascend/randomBullshit/mcBenchmarkCore/run/mods/DistantHorizons-3.3.0-1.21.11-fabric-neoforge.jar
[19:21:23] [pool-2-thread-11/WARN] (FabricLoader/ModRemap) duplicate input class com/seibel/distanthorizons/api/methods/events/interfaces/IDhApiEventParam, from /home/ascend/randomBullshit/mcBenchmarkCore/run/mods/DistantHorizonsApi-7.1.0.jar and /home/ascend/randomBullshit/mcBenchmarkCore/run/mods/DistantHorizons-3.3.0-1.21.11-fabric-neoforge.jar
[19:21:23] [pool-2-thread-11/WARN] (FabricLoader/ModRemap) duplicate input class com/seibel/distanthorizons/api/methods/events/interfaces/IDhApiEvent, from /home/ascend/randomBullshit/mcBenchmarkCore/run/mods/DistantHorizonsApi-7.1.0.jar and /home/ascend/randomBullshit/mcBenchmarkCore/run/mods/DistantHorizons-3.3.0-1.21.11-fabric-neoforge.jar
[19:21:23] [pool-2-thread-11/WARN] (FabricLoader/ModRemap) duplicate input class com/seibel/distanthorizons/api/methods/events/interfaces/IDhApiCancelableEvent, from /home/ascend/randomBullshit/mcBenchmarkCore/run/mods/DistantHorizonsApi-7.1.0.jar and /home/ascend/randomBullshit/mcBenchmarkCore/run/mods/DistantHorizons-3.3.0-1.21.11-fabric-neoforge.jar
[19:21:23] [pool-2-thread-11/WARN] (FabricLoader/ModRemap) duplicate input class com/seibel/distanthorizons/api/methods/events/abstractEvents/DhApiWorldUnloadEvent, from /home/ascend/randomBullshit/mcBenchmarkCore/run/mods/DistantHorizonsApi-7.1.0.jar and /home/ascend/randomBullshit/mcBenchmarkCore/run/mods/DistantHorizons-3.3.0-1.21.11-fabric-neoforge.jar
[19:21:23] [pool-2-thread-11/WARN] (FabricLoader/ModRemap) duplicate input class com/seibel/distanthorizons/api/methods/events/abstractEvents/DhApiWorldUnloadEvent$EventParam, from /home/ascend/randomBullshit/mcBenchmarkCore/run/mods/DistantHorizonsApi-7.1.0.jar and /home/ascend/randomBullshit/mcBenchmarkCore/run/mods/DistantHorizons-3.3.0-1.21.11-fabric-neoforge.jar
[19:21:23] [pool-2-thread-11/WARN] (FabricLoader/ModRemap) duplicate input class com/seibel/distanthorizons/api/methods/events/abstractEvents/DhApiWorldLoadEvent, from /home/ascend/randomBullshit/mcBenchmarkCore/run/mods/DistantHorizonsApi-7.1.0.jar and /home/ascend/randomBullshit/mcBenchmarkCore/run/mods/DistantHorizons-3.3.0-1.21.11-fabric-neoforge.jar
[19:21:23] [pool-2-thread-11/WARN] (FabricLoader/ModRemap) duplicate input class com/seibel/distanthorizons/api/methods/events/abstractEvents/DhApiWorldLoadEvent$EventParam, from /home/ascend/randomBullshit/mcBenchmarkCore/run/mods/DistantHorizonsApi-7.1.0.jar and /home/ascend/randomBullshit/mcBenchmarkCore/run/mods/DistantHorizons-3.3.0-1.21.11-fabric-neoforge.jar
[19:21:23] [pool-2-thread-11/WARN] (FabricLoader/ModRemap) duplicate input class com/seibel/distanthorizons/api/methods/events/abstractEvents/DhApiLevelUnloadEvent, from /home/ascend/randomBullshit/mcBenchmarkCore/run/mods/DistantHorizonsApi-7.1.0.jar and /home/ascend/randomBullshit/mcBenchmarkCore/run/mods/DistantHorizons-3.3.0-1.21.11-fabric-neoforge.jar
[19:21:23] [pool-2-thread-11/WARN] (FabricLoader/ModRemap) duplicate input class com/seibel/distanthorizons/api/methods/events/abstractEvents/DhApiLevelUnloadEvent$EventParam, from /home/ascend/randomBullshit/mcBenchmarkCore/run/mods/DistantHorizonsApi-7.1.0.jar and /home/ascend/randomBullshit/mcBenchmarkCore/run/mods/DistantHorizons-3.3.0-1.21.11-fabric-neoforge.jar
[19:21:23] [pool-2-thread-11/WARN] (FabricLoader/ModRemap) duplicate input class com/seibel/distanthorizons/api/methods/events/abstractEvents/DhApiLevelLoadEvent, from /home/ascend/randomBullshit/mcBenchmarkCore/run/mods/DistantHorizonsApi-7.1.0.jar and /home/ascend/randomBullshit/mcBenchmarkCore/run/mods/DistantHorizons-3.3.0-1.21.11-fabric-neoforge.jar
[19:21:23] [pool-2-thread-11/WARN] (FabricLoader/ModRemap) duplicate input class com/seibel/distanthorizons/api/methods/events/abstractEvents/DhApiLevelLoadEvent$EventParam, from /home/ascend/randomBullshit/mcBenchmarkCore/run/mods/DistantHorizonsApi-7.1.0.jar and /home/ascend/randomBullshit/mcBenchmarkCore/run/mods/DistantHorizons-3.3.0-1.21.11-fabric-neoforge.jar
[19:21:23] [pool-2-thread-11/WARN] (FabricLoader/ModRemap) duplicate input class com/seibel/distanthorizons/api/methods/events/abstractEvents/DhApiColorDepthTextureCreatedEvent, from /home/ascend/randomBullshit/mcBenchmarkCore/run/mods/DistantHorizonsApi-7.1.0.jar and /home/ascend/randomBullshit/mcBenchmarkCore/run/mods/DistantHorizons-3.3.0-1.21.11-fabric-neoforge.jar
[19:21:23] [pool-2-thread-11/WARN] (FabricLoader/ModRemap) duplicate input class com/seibel/distanthorizons/api/methods/events/abstractEvents/DhApiColorDepthTextureCreatedEvent$EventParam, from /home/ascend/randomBullshit/mcBenchmarkCore/run/mods/DistantHorizonsApi-7.1.0.jar and /home/ascend/randomBullshit/mcBenchmarkCore/run/mods/DistantHorizons-3.3.0-1.21.11-fabric-neoforge.jar
[19:21:23] [pool-2-thread-11/WARN] (FabricLoader/ModRemap) duplicate input class com/seibel/distanthorizons/api/methods/events/abstractEvents/DhApiChunkProcessingEvent, from /home/ascend/randomBullshit/mcBenchmarkCore/run/mods/DistantHorizonsApi-7.1.0.jar and /home/ascend/randomBullshit/mcBenchmarkCore/run/mods/DistantHorizons-3.3.0-1.21.11-fabric-neoforge.jar
[19:21:23] [pool-2-thread-11/WARN] (FabricLoader/ModRemap) duplicate input class com/seibel/distanthorizons/api/methods/events/abstractEvents/DhApiChunkProcessingEvent$EventParam, from /home/ascend/randomBullshit/mcBenchmarkCore/run/mods/DistantHorizonsApi-7.1.0.jar and /home/ascend/randomBullshit/mcBenchmarkCore/run/mods/DistantHorizons-3.3.0-1.21.11-fabric-neoforge.jar
[19:21:23] [pool-2-thread-11/WARN] (FabricLoader/ModRemap) duplicate input class com/seibel/distanthorizons/api/methods/events/abstractEvents/DhApiChunkModifiedEvent, from /home/ascend/randomBullshit/mcBenchmarkCore/run/mods/DistantHorizonsApi-7.1.0.jar and /home/ascend/randomBullshit/mcBenchmarkCore/run/mods/DistantHorizons-3.3.0-1.21.11-fabric-neoforge.jar
[19:21:23] [pool-2-thread-11/WARN] (FabricLoader/ModRemap) duplicate input class com/seibel/distanthorizons/api/methods/events/abstractEvents/DhApiChunkModifiedEvent$EventParam, from /home/ascend/randomBullshit/mcBenchmarkCore/run/mods/DistantHorizonsApi-7.1.0.jar and /home/ascend/randomBullshit/mcBenchmarkCore/run/mods/DistantHorizons-3.3.0-1.21.11-fabric-neoforge.jar
[19:21:23] [pool-2-thread-11/WARN] (FabricLoader/ModRemap) duplicate input class com/seibel/distanthorizons/api/methods/events/abstractEvents/DhApiBlockTextureOverrideEvent, from /home/ascend/randomBullshit/mcBenchmarkCore/run/mods/DistantHorizonsApi-7.1.0.jar and /home/ascend/randomBullshit/mcBenchmarkCore/run/mods/DistantHorizons-3.3.0-1.21.11-fabric-neoforge.jar
[19:21:23] [pool-2-thread-11/WARN] (FabricLoader/ModRemap) duplicate input class com/seibel/distanthorizons/api/methods/events/abstractEvents/DhApiBlockTextureOverrideEvent$EventParam, from /home/ascend/randomBullshit/mcBenchmarkCore/run/mods/DistantHorizonsApi-7.1.0.jar and /home/ascend/randomBullshit/mcBenchmarkCore/run/mods/DistantHorizons-3.3.0-1.21.11-fabric-neoforge.jar
[19:21:23] [pool-2-thread-11/WARN] (FabricLoader/ModRemap) duplicate input class com/seibel/distanthorizons/api/methods/events/abstractEvents/DhApiBlockTextureOverrideEvent$EventParam$ITextureRegenFunc, from /home/ascend/randomBullshit/mcBenchmarkCore/run/mods/DistantHorizonsApi-7.1.0.jar and /home/ascend/randomBullshit/mcBenchmarkCore/run/mods/DistantHorizons-3.3.0-1.21.11-fabric-neoforge.jar
[19:21:23] [pool-2-thread-11/WARN] (FabricLoader/ModRemap) duplicate input class com/seibel/distanthorizons/api/methods/events/abstractEvents/DhApiBlockStateWrapperCreatedEvent, from /home/ascend/randomBullshit/mcBenchmarkCore/run/mods/DistantHorizonsApi-7.1.0.jar and /home/ascend/randomBullshit/mcBenchmarkCore/run/mods/DistantHorizons-3.3.0-1.21.11-fabric-neoforge.jar
[19:21:23] [pool-2-thread-11/WARN] (FabricLoader/ModRemap) duplicate input class com/seibel/distanthorizons/api/methods/events/abstractEvents/DhApiBlockStateWrapperCreatedEvent$EventParam, from /home/ascend/randomBullshit/mcBenchmarkCore/run/mods/DistantHorizonsApi-7.1.0.jar and /home/ascend/randomBullshit/mcBenchmarkCore/run/mods/DistantHorizons-3.3.0-1.21.11-fabric-neoforge.jar
[19:21:23] [pool-2-thread-11/WARN] (FabricLoader/ModRemap) duplicate input class com/seibel/distanthorizons/api/methods/events/abstractEvents/DhApiBlockColorOverrideEvent, from /home/ascend/randomBullshit/mcBenchmarkCore/run/mods/DistantHorizonsApi-7.1.0.jar and /home/ascend/randomBullshit/mcBenchmarkCore/run/mods/DistantHorizons-3.3.0-1.21.11-fabric-neoforge.jar
[19:21:23] [pool-2-thread-11/WARN] (FabricLoader/ModRemap) duplicate input class com/seibel/distanthorizons/api/methods/events/abstractEvents/DhApiBlockColorOverrideEvent$EventParam, from /home/ascend/randomBullshit/mcBenchmarkCore/run/mods/DistantHorizonsApi-7.1.0.jar and /home/ascend/randomBullshit/mcBenchmarkCore/run/mods/DistantHorizons-3.3.0-1.21.11-fabric-neoforge.jar
[19:21:23] [pool-2-thread-11/WARN] (FabricLoader/ModRemap) duplicate input class com/seibel/distanthorizons/api/methods/events/abstractEvents/DhApiBeforeTextureClearEvent, from /home/ascend/randomBullshit/mcBenchmarkCore/run/mods/DistantHorizonsApi-7.1.0.jar and /home/ascend/randomBullshit/mcBenchmarkCore/run/mods/DistantHorizons-3.3.0-1.21.11-fabric-neoforge.jar
[19:21:23] [pool-2-thread-11/WARN] (FabricLoader/ModRemap) duplicate input class com/seibel/distanthorizons/api/methods/events/abstractEvents/DhApiBeforeRenderSetupEvent, from /home/ascend/randomBullshit/mcBenchmarkCore/run/mods/DistantHorizonsApi-7.1.0.jar and /home/ascend/randomBullshit/mcBenchmarkCore/run/mods/DistantHorizons-3.3.0-1.21.11-fabric-neoforge.jar
[19:21:23] [pool-2-thread-11/WARN] (FabricLoader/ModRemap) duplicate input class com/seibel/distanthorizons/api/methods/events/abstractEvents/DhApiBeforeRenderPassEvent, from /home/ascend/randomBullshit/mcBenchmarkCore/run/mods/DistantHorizonsApi-7.1.0.jar and /home/ascend/randomBullshit/mcBenchmarkCore/run/mods/DistantHorizons-3.3.0-1.21.11-fabric-neoforge.jar
[19:21:23] [pool-2-thread-11/WARN] (FabricLoader/ModRemap) duplicate input class com/seibel/distanthorizons/api/methods/events/abstractEvents/DhApiBeforeRenderEvent, from /home/ascend/randomBullshit/mcBenchmarkCore/run/mods/DistantHorizonsApi-7.1.0.jar and /home/ascend/randomBullshit/mcBenchmarkCore/run/mods/DistantHorizons-3.3.0-1.21.11-fabric-neoforge.jar
[19:21:23] [pool-2-thread-11/WARN] (FabricLoader/ModRemap) duplicate input class com/seibel/distanthorizons/api/methods/events/abstractEvents/DhApiBeforeRenderCleanupEvent, from /home/ascend/randomBullshit/mcBenchmarkCore/run/mods/DistantHorizonsApi-7.1.0.jar and /home/ascend/randomBullshit/mcBenchmarkCore/run/mods/DistantHorizons-3.3.0-1.21.11-fabric-neoforge.jar
[19:21:23] [pool-2-thread-11/WARN] (FabricLoader/ModRemap) duplicate input class com/seibel/distanthorizons/api/methods/events/abstractEvents/DhApiBeforeGenericRenderSetupEvent, from /home/ascend/randomBullshit/mcBenchmarkCore/run/mods/DistantHorizonsApi-7.1.0.jar and /home/ascend/randomBullshit/mcBenchmarkCore/run/mods/DistantHorizons-3.3.0-1.21.11-fabric-neoforge.jar
[19:21:23] [pool-2-thread-11/WARN] (FabricLoader/ModRemap) duplicate input class com/seibel/distanthorizons/api/methods/events/abstractEvents/DhApiBeforeGenericRenderCleanupEvent, from /home/ascend/randomBullshit/mcBenchmarkCore/run/mods/DistantHorizonsApi-7.1.0.jar and /home/ascend/randomBullshit/mcBenchmarkCore/run/mods/DistantHorizons-3.3.0-1.21.11-fabric-neoforge.jar
[19:21:23] [pool-2-thread-11/WARN] (FabricLoader/ModRemap) duplicate input class com/seibel/distanthorizons/api/methods/events/abstractEvents/DhApiBeforeGenericObjectRenderEvent, from /home/ascend/randomBullshit/mcBenchmarkCore/run/mods/DistantHorizonsApi-7.1.0.jar and /home/ascend/randomBullshit/mcBenchmarkCore/run/mods/DistantHorizons-3.3.0-1.21.11-fabric-neoforge.jar
[19:21:23] [pool-2-thread-11/WARN] (FabricLoader/ModRemap) duplicate input class com/seibel/distanthorizons/api/methods/events/abstractEvents/DhApiBeforeGenericObjectRenderEvent$EventParam, from /home/ascend/randomBullshit/mcBenchmarkCore/run/mods/DistantHorizonsApi-7.1.0.jar and /home/ascend/randomBullshit/mcBenchmarkCore/run/mods/DistantHorizons-3.3.0-1.21.11-fabric-neoforge.jar
[19:21:23] [pool-2-thread-11/WARN] (FabricLoader/ModRemap) duplicate input class com/seibel/distanthorizons/api/methods/events/abstractEvents/DhApiBeforeFogRenderEvent, from /home/ascend/randomBullshit/mcBenchmarkCore/run/mods/DistantHorizonsApi-7.1.0.jar and /home/ascend/randomBullshit/mcBenchmarkCore/run/mods/DistantHorizons-3.3.0-1.21.11-fabric-neoforge.jar
[19:21:23] [pool-2-thread-11/WARN] (FabricLoader/ModRemap) duplicate input class com/seibel/distanthorizons/api/methods/events/abstractEvents/DhApiBeforeFogRenderEvent$EventParam, from /home/ascend/randomBullshit/mcBenchmarkCore/run/mods/DistantHorizonsApi-7.1.0.jar and /home/ascend/randomBullshit/mcBenchmarkCore/run/mods/DistantHorizons-3.3.0-1.21.11-fabric-neoforge.jar
[19:21:23] [pool-2-thread-11/WARN] (FabricLoader/ModRemap) duplicate input class com/seibel/distanthorizons/api/methods/events/abstractEvents/DhApiBeforeDhInitEvent, from /home/ascend/randomBullshit/mcBenchmarkCore/run/mods/DistantHorizonsApi-7.1.0.jar and /home/ascend/randomBullshit/mcBenchmarkCore/run/mods/DistantHorizons-3.3.0-1.21.11-fabric-neoforge.jar
[19:21:23] [pool-2-thread-11/WARN] (FabricLoader/ModRemap) duplicate input class com/seibel/distanthorizons/api/methods/events/abstractEvents/DhApiBeforeDeferredRenderEvent, from /home/ascend/randomBullshit/mcBenchmarkCore/run/mods/DistantHorizonsApi-7.1.0.jar and /home/ascend/randomBullshit/mcBenchmarkCore/run/mods/DistantHorizons-3.3.0-1.21.11-fabric-neoforge.jar
[19:21:23] [pool-2-thread-11/WARN] (FabricLoader/ModRemap) duplicate input class com/seibel/distanthorizons/api/methods/events/abstractEvents/DhApiBeforeColorDepthTextureCreatedEvent, from /home/ascend/randomBullshit/mcBenchmarkCore/run/mods/DistantHorizonsApi-7.1.0.jar and /home/ascend/randomBullshit/mcBenchmarkCore/run/mods/DistantHorizons-3.3.0-1.21.11-fabric-neoforge.jar
[19:21:23] [pool-2-thread-11/WARN] (FabricLoader/ModRemap) duplicate input class com/seibel/distanthorizons/api/methods/events/abstractEvents/DhApiBeforeBufferRenderEvent, from /home/ascend/randomBullshit/mcBenchmarkCore/run/mods/DistantHorizonsApi-7.1.0.jar and /home/ascend/randomBullshit/mcBenchmarkCore/run/mods/DistantHorizons-3.3.0-1.21.11-fabric-neoforge.jar
[19:21:23] [pool-2-thread-11/WARN] (FabricLoader/ModRemap) duplicate input class com/seibel/distanthorizons/api/methods/events/abstractEvents/DhApiBeforeBufferRenderEvent$EventParam, from /home/ascend/randomBullshit/mcBenchmarkCore/run/mods/DistantHorizonsApi-7.1.0.jar and /home/ascend/randomBullshit/mcBenchmarkCore/run/mods/DistantHorizons-3.3.0-1.21.11-fabric-neoforge.jar
[19:21:23] [pool-2-thread-11/WARN] (FabricLoader/ModRemap) duplicate input class com/seibel/distanthorizons/api/methods/events/abstractEvents/DhApiBeforeApplyShaderRenderEvent, from /home/ascend/randomBullshit/mcBenchmarkCore/run/mods/DistantHorizonsApi-7.1.0.jar and /home/ascend/randomBullshit/mcBenchmarkCore/run/mods/DistantHorizons-3.3.0-1.21.11-fabric-neoforge.jar
[19:21:23] [pool-2-thread-11/WARN] (FabricLoader/ModRemap) duplicate input class com/seibel/distanthorizons/api/methods/events/abstractEvents/DhApiAfterRenderEvent, from /home/ascend/randomBullshit/mcBenchmarkCore/run/mods/DistantHorizonsApi-7.1.0.jar and /home/ascend/randomBullshit/mcBenchmarkCore/run/mods/DistantHorizons-3.3.0-1.21.11-fabric-neoforge.jar
[19:21:23] [pool-2-thread-11/WARN] (FabricLoader/ModRemap) duplicate input class com/seibel/distanthorizons/api/methods/events/abstractEvents/DhApiAfterDhInitEvent, from /home/ascend/randomBullshit/mcBenchmarkCore/run/mods/DistantHorizonsApi-7.1.0.jar and /home/ascend/randomBullshit/mcBenchmarkCore/run/mods/DistantHorizons-3.3.0-1.21.11-fabric-neoforge.jar
[19:21:23] [pool-2-thread-11/WARN] (FabricLoader/ModRemap) duplicate input class com/seibel/distanthorizons/api/methods/events/abstractEvents/DhApiAfterColorDepthTextureCreatedEvent, from /home/ascend/randomBullshit/mcBenchmarkCore/run/mods/DistantHorizonsApi-7.1.0.jar and /home/ascend/randomBullshit/mcBenchmarkCore/run/mods/DistantHorizons-3.3.0-1.21.11-fabric-neoforge.jar
[19:21:23] [pool-2-thread-11/WARN] (FabricLoader/ModRemap) duplicate input class com/seibel/distanthorizons/api/methods/events/DhApiEventRegister, from /home/ascend/randomBullshit/mcBenchmarkCore/run/mods/DistantHorizonsApi-7.1.0.jar and /home/ascend/randomBullshit/mcBenchmarkCore/run/mods/DistantHorizons-3.3.0-1.21.11-fabric-neoforge.jar
[19:21:23] [pool-2-thread-11/WARN] (FabricLoader/ModRemap) duplicate input class com/seibel/distanthorizons/api/interfaces/world/IDhApiWorldProxy, from /home/ascend/randomBullshit/mcBenchmarkCore/run/mods/DistantHorizonsApi-7.1.0.jar and /home/ascend/randomBullshit/mcBenchmarkCore/run/mods/DistantHorizons-3.3.0-1.21.11-fabric-neoforge.jar
[19:21:23] [pool-2-thread-11/WARN] (FabricLoader/ModRemap) duplicate input class com/seibel/distanthorizons/api/interfaces/world/IDhApiLevelWrapper, from /home/ascend/randomBullshit/mcBenchmarkCore/run/mods/DistantHorizonsApi-7.1.0.jar and /home/ascend/randomBullshit/mcBenchmarkCore/run/mods/DistantHorizons-3.3.0-1.21.11-fabric-neoforge.jar
[19:21:23] [pool-2-thread-11/WARN] (FabricLoader/ModRemap) duplicate input class com/seibel/distanthorizons/api/interfaces/world/IDhApiDimensionTypeWrapper, from /home/ascend/randomBullshit/mcBenchmarkCore/run/mods/DistantHorizonsApi-7.1.0.jar and /home/ascend/randomBullshit/mcBenchmarkCore/run/mods/DistantHorizons-3.3.0-1.21.11-fabric-neoforge.jar
[19:21:23] [pool-2-thread-11/WARN] (FabricLoader/ModRemap) duplicate input class com/seibel/distanthorizons/api/interfaces/util/IDhApiCopyable, from /home/ascend/randomBullshit/mcBenchmarkCore/run/mods/DistantHorizonsApi-7.1.0.jar and /home/ascend/randomBullshit/mcBenchmarkCore/run/mods/DistantHorizons-3.3.0-1.21.11-fabric-neoforge.jar
[19:21:23] [pool-2-thread-11/WARN] (FabricLoader/ModRemap) duplicate input class com/seibel/distanthorizons/api/interfaces/render/IDhApiRenderableBoxGroup, from /home/ascend/randomBullshit/mcBenchmarkCore/run/mods/DistantHorizonsApi-7.1.0.jar and /home/ascend/randomBullshit/mcBenchmarkCore/run/mods/DistantHorizons-3.3.0-1.21.11-fabric-neoforge.jar
[19:21:23] [pool-2-thread-11/WARN] (FabricLoader/ModRemap) duplicate input class com/seibel/distanthorizons/api/interfaces/render/IDhApiRenderProxy, from /home/ascend/randomBullshit/mcBenchmarkCore/run/mods/DistantHorizonsApi-7.1.0.jar and /home/ascend/randomBullshit/mcBenchmarkCore/run/mods/DistantHorizons-3.3.0-1.21.11-fabric-neoforge.jar
[19:21:23] [pool-2-thread-11/WARN] (FabricLoader/ModRemap) duplicate input class com/seibel/distanthorizons/api/interfaces/render/IDhApiCustomRenderRegister, from /home/ascend/randomBullshit/mcBenchmarkCore/run/mods/DistantHorizonsApi-7.1.0.jar and /home/ascend/randomBullshit/mcBenchmarkCore/run/mods/DistantHorizons-3.3.0-1.21.11-fabric-neoforge.jar
[19:21:23] [pool-2-thread-11/WARN] (FabricLoader/ModRemap) duplicate input class com/seibel/distanthorizons/api/interfaces/render/IDhApiCustomRenderObjectFactory, from /home/ascend/randomBullshit/mcBenchmarkCore/run/mods/DistantHorizonsApi-7.1.0.jar and /home/ascend/randomBullshit/mcBenchmarkCore/run/mods/DistantHorizons-3.3.0-1.21.11-fabric-neoforge.jar
[19:21:23] [pool-2-thread-11/WARN] (FabricLoader/ModRemap) duplicate input class com/seibel/distanthorizons/api/interfaces/render/IDhApiBlazeTextureWrapper, from /home/ascend/randomBullshit/mcBenchmarkCore/run/mods/DistantHorizonsApi-7.1.0.jar and /home/ascend/randomBullshit/mcBenchmarkCore/run/mods/DistantHorizons-3.3.0-1.21.11-fabric-neoforge.jar
[19:21:23] [pool-2-thread-11/WARN] (FabricLoader/ModRemap) duplicate input class com/seibel/distanthorizons/api/interfaces/override/worldGenerator/IDhApiWorldGeneratorOverrideRegister, from /home/ascend/randomBullshit/mcBenchmarkCore/run/mods/DistantHorizonsApi-7.1.0.jar and /home/ascend/randomBullshit/mcBenchmarkCore/run/mods/DistantHorizons-3.3.0-1.21.11-fabric-neoforge.jar
[19:21:23] [pool-2-thread-11/WARN] (FabricLoader/ModRemap) duplicate input class com/seibel/distanthorizons/api/interfaces/override/worldGenerator/IDhApiWorldGenerator, from /home/ascend/randomBullshit/mcBenchmarkCore/run/mods/DistantHorizonsApi-7.1.0.jar and /home/ascend/randomBullshit/mcBenchmarkCore/run/mods/DistantHorizons-3.3.0-1.21.11-fabric-neoforge.jar
[19:21:23] [pool-2-thread-11/WARN] (FabricLoader/ModRemap) duplicate input class com/seibel/distanthorizons/api/interfaces/override/worldGenerator/AbstractDhApiChunkWorldGenerator, from /home/ascend/randomBullshit/mcBenchmarkCore/run/mods/DistantHorizonsApi-7.1.0.jar and /home/ascend/randomBullshit/mcBenchmarkCore/run/mods/DistantHorizons-3.3.0-1.21.11-fabric-neoforge.jar
[19:21:23] [pool-2-thread-11/WARN] (FabricLoader/ModRemap) duplicate input class com/seibel/distanthorizons/api/interfaces/override/rendering/IDhApiShadowCullingFrustum, from /home/ascend/randomBullshit/mcBenchmarkCore/run/mods/DistantHorizonsApi-7.1.0.jar and /home/ascend/randomBullshit/mcBenchmarkCore/run/mods/DistantHorizons-3.3.0-1.21.11-fabric-neoforge.jar
[19:21:23] [pool-2-thread-11/WARN] (FabricLoader/ModRemap) duplicate input class com/seibel/distanthorizons/api/interfaces/override/rendering/IDhApiShaderProgram, from /home/ascend/randomBullshit/mcBenchmarkCore/run/mods/DistantHorizonsApi-7.1.0.jar and /home/ascend/randomBullshit/mcBenchmarkCore/run/mods/DistantHorizons-3.3.0-1.21.11-fabric-neoforge.jar
[19:21:23] [pool-2-thread-11/WARN] (FabricLoader/ModRemap) duplicate input class com/seibel/distanthorizons/api/interfaces/override/rendering/IDhApiGenericObjectShaderProgram, from /home/ascend/randomBullshit/mcBenchmarkCore/run/mods/DistantHorizonsApi-7.1.0.jar and /home/ascend/randomBullshit/mcBenchmarkCore/run/mods/DistantHorizons-3.3.0-1.21.11-fabric-neoforge.jar
[19:21:23] [pool-2-thread-11/WARN] (FabricLoader/ModRemap) duplicate input class com/seibel/distanthorizons/api/interfaces/override/rendering/IDhApiFramebuffer, from /home/ascend/randomBullshit/mcBenchmarkCore/run/mods/DistantHorizonsApi-7.1.0.jar and /home/ascend/randomBullshit/mcBenchmarkCore/run/mods/DistantHorizons-3.3.0-1.21.11-fabric-neoforge.jar
[19:21:23] [pool-2-thread-11/WARN] (FabricLoader/ModRemap) duplicate input class com/seibel/distanthorizons/api/interfaces/override/rendering/IDhApiCullingFrustum, from /home/ascend/randomBullshit/mcBenchmarkCore/run/mods/DistantHorizonsApi-7.1.0.jar and /home/ascend/randomBullshit/mcBenchmarkCore/run/mods/DistantHorizons-3.3.0-1.21.11-fabric-neoforge.jar
[19:21:23] [pool-2-thread-11/WARN] (FabricLoader/ModRemap) duplicate input class com/seibel/distanthorizons/api/interfaces/override/levelHandling/IDhApiSaveStructure, from /home/ascend/randomBullshit/mcBenchmarkCore/run/mods/DistantHorizonsApi-7.1.0.jar and /home/ascend/randomBullshit/mcBenchmarkCore/run/mods/DistantHorizons-3.3.0-1.21.11-fabric-neoforge.jar
[19:21:23] [pool-2-thread-11/WARN] (FabricLoader/ModRemap) duplicate input class com/seibel/distanthorizons/api/interfaces/override/IDhApiOverrideable, from /home/ascend/randomBullshit/mcBenchmarkCore/run/mods/DistantHorizonsApi-7.1.0.jar and /home/ascend/randomBullshit/mcBenchmarkCore/run/mods/DistantHorizons-3.3.0-1.21.11-fabric-neoforge.jar
[19:21:23] [pool-2-thread-11/WARN] (FabricLoader/ModRemap) duplicate input class com/seibel/distanthorizons/api/interfaces/factories/IDhApiWrapperFactory, from /home/ascend/randomBullshit/mcBenchmarkCore/run/mods/DistantHorizonsApi-7.1.0.jar and /home/ascend/randomBullshit/mcBenchmarkCore/run/mods/DistantHorizons-3.3.0-1.21.11-fabric-neoforge.jar
[19:21:23] [pool-2-thread-11/WARN] (FabricLoader/ModRemap) duplicate input class com/seibel/distanthorizons/api/interfaces/events/IDhApiEventInjector, from /home/ascend/randomBullshit/mcBenchmarkCore/run/mods/DistantHorizonsApi-7.1.0.jar and /home/ascend/randomBullshit/mcBenchmarkCore/run/mods/DistantHorizons-3.3.0-1.21.11-fabric-neoforge.jar
[19:21:23] [pool-2-thread-11/WARN] (FabricLoader/ModRemap) duplicate input class com/seibel/distanthorizons/api/interfaces/data/IDhApiTerrainDataRepo, from /home/ascend/randomBullshit/mcBenchmarkCore/run/mods/DistantHorizonsApi-7.1.0.jar and /home/ascend/randomBullshit/mcBenchmarkCore/run/mods/DistantHorizons-3.3.0-1.21.11-fabric-neoforge.jar
[19:21:23] [pool-2-thread-11/WARN] (FabricLoader/ModRemap) duplicate input class com/seibel/distanthorizons/api/interfaces/data/IDhApiTerrainDataCache, from /home/ascend/randomBullshit/mcBenchmarkCore/run/mods/DistantHorizonsApi-7.1.0.jar and /home/ascend/randomBullshit/mcBenchmarkCore/run/mods/DistantHorizons-3.3.0-1.21.11-fabric-neoforge.jar
[19:21:23] [pool-2-thread-11/WARN] (FabricLoader/ModRemap) duplicate input class com/seibel/distanthorizons/api/interfaces/config/client/IDhApiTextureConfig, from /home/ascend/randomBullshit/mcBenchmarkCore/run/mods/DistantHorizonsApi-7.1.0.jar and /home/ascend/randomBullshit/mcBenchmarkCore/run/mods/DistantHorizons-3.3.0-1.21.11-fabric-neoforge.jar
[19:21:23] [pool-2-thread-11/WARN] (FabricLoader/ModRemap) duplicate input class com/seibel/distanthorizons/api/interfaces/config/client/IDhApiNoiseTextureConfig, from /home/ascend/randomBullshit/mcBenchmarkCore/run/mods/DistantHorizonsApi-7.1.0.jar and /home/ascend/randomBullshit/mcBenchmarkCore/run/mods/DistantHorizons-3.3.0-1.21.11-fabric-neoforge.jar
[19:21:23] [pool-2-thread-11/WARN] (FabricLoader/ModRemap) duplicate input class com/seibel/distanthorizons/api/interfaces/config/client/IDhApiMultiplayerConfig, from /home/ascend/randomBullshit/mcBenchmarkCore/run/mods/DistantHorizonsApi-7.1.0.jar and /home/ascend/randomBullshit/mcBenchmarkCore/run/mods/DistantHorizons-3.3.0-1.21.11-fabric-neoforge.jar
[19:21:23] [pool-2-thread-11/WARN] (FabricLoader/ModRemap) duplicate input class com/seibel/distanthorizons/api/interfaces/config/client/IDhApiMultiThreadingConfig, from /home/ascend/randomBullshit/mcBenchmarkCore/run/mods/DistantHorizonsApi-7.1.0.jar and /home/ascend/randomBullshit/mcBenchmarkCore/run/mods/DistantHorizons-3.3.0-1.21.11-fabric-neoforge.jar
[19:21:23] [pool-2-thread-11/WARN] (FabricLoader/ModRemap) duplicate input class com/seibel/distanthorizons/api/interfaces/config/client/IDhApiLoggingConfig, from /home/ascend/randomBullshit/mcBenchmarkCore/run/mods/DistantHorizonsApi-7.1.0.jar and /home/ascend/randomBullshit/mcBenchmarkCore/run/mods/DistantHorizons-3.3.0-1.21.11-fabric-neoforge.jar
[19:21:23] [pool-2-thread-11/WARN] (FabricLoader/ModRemap) duplicate input class com/seibel/distanthorizons/api/interfaces/config/client/IDhApiHeightFogConfig, from /home/ascend/randomBullshit/mcBenchmarkCore/run/mods/DistantHorizonsApi-7.1.0.jar and /home/ascend/randomBullshit/mcBenchmarkCore/run/mods/DistantHorizons-3.3.0-1.21.11-fabric-neoforge.jar
[19:21:23] [pool-2-thread-11/WARN] (FabricLoader/ModRemap) duplicate input class com/seibel/distanthorizons/api/interfaces/config/client/IDhApiGraphicsConfig, from /home/ascend/randomBullshit/mcBenchmarkCore/run/mods/DistantHorizonsApi-7.1.0.jar and /home/ascend/randomBullshit/mcBenchmarkCore/run/mods/DistantHorizons-3.3.0-1.21.11-fabric-neoforge.jar
[19:21:23] [pool-2-thread-11/WARN] (FabricLoader/ModRemap) duplicate input class com/seibel/distanthorizons/api/interfaces/config/client/IDhApiGenericRenderingConfig, from /home/ascend/randomBullshit/mcBenchmarkCore/run/mods/DistantHorizonsApi-7.1.0.jar and /home/ascend/randomBullshit/mcBenchmarkCore/run/mods/DistantHorizons-3.3.0-1.21.11-fabric-neoforge.jar
[19:21:23] [pool-2-thread-11/WARN] (FabricLoader/ModRemap) duplicate input class com/seibel/distanthorizons/api/interfaces/config/client/IDhApiFogConfig, from /home/ascend/randomBullshit/mcBenchmarkCore/run/mods/DistantHorizonsApi-7.1.0.jar and /home/ascend/randomBullshit/mcBenchmarkCore/run/mods/DistantHorizons-3.3.0-1.21.11-fabric-neoforge.jar
[19:21:23] [pool-2-thread-11/WARN] (FabricLoader/ModRemap) duplicate input class com/seibel/distanthorizons/api/interfaces/config/client/IDhApiFarFogConfig, from /home/ascend/randomBullshit/mcBenchmarkCore/run/mods/DistantHorizonsApi-7.1.0.jar and /home/ascend/randomBullshit/mcBenchmarkCore/run/mods/DistantHorizons-3.3.0-1.21.11-fabric-neoforge.jar
[19:21:23] [pool-2-thread-11/WARN] (FabricLoader/ModRemap) duplicate input class com/seibel/distanthorizons/api/interfaces/config/client/IDhApiDebuggingConfig, from /home/ascend/randomBullshit/mcBenchmarkCore/run/mods/DistantHorizonsApi-7.1.0.jar and /home/ascend/randomBullshit/mcBenchmarkCore/run/mods/DistantHorizons-3.3.0-1.21.11-fabric-neoforge.jar
[19:21:23] [pool-2-thread-11/WARN] (FabricLoader/ModRemap) duplicate input class com/seibel/distanthorizons/api/interfaces/config/client/IDhApiAmbientOcclusionConfig, from /home/ascend/randomBullshit/mcBenchmarkCore/run/mods/DistantHorizonsApi-7.1.0.jar and /home/ascend/randomBullshit/mcBenchmarkCore/run/mods/DistantHorizons-3.3.0-1.21.11-fabric-neoforge.jar
[19:21:23] [pool-2-thread-11/WARN] (FabricLoader/ModRemap) duplicate input class com/seibel/distanthorizons/api/interfaces/config/both/IDhApiWorldGenerationConfig, from /home/ascend/randomBullshit/mcBenchmarkCore/run/mods/DistantHorizonsApi-7.1.0.jar and /home/ascend/randomBullshit/mcBenchmarkCore/run/mods/DistantHorizons-3.3.0-1.21.11-fabric-neoforge.jar
[19:21:23] [pool-2-thread-11/WARN] (FabricLoader/ModRemap) duplicate input class com/seibel/distanthorizons/api/interfaces/config/IDhApiConfigValue, from /home/ascend/randomBullshit/mcBenchmarkCore/run/mods/DistantHorizonsApi-7.1.0.jar and /home/ascend/randomBullshit/mcBenchmarkCore/run/mods/DistantHorizons-3.3.0-1.21.11-fabric-neoforge.jar
[19:21:23] [pool-2-thread-11/WARN] (FabricLoader/ModRemap) duplicate input class com/seibel/distanthorizons/api/interfaces/config/IDhApiConfigGroup, from /home/ascend/randomBullshit/mcBenchmarkCore/run/mods/DistantHorizonsApi-7.1.0.jar and /home/ascend/randomBullshit/mcBenchmarkCore/run/mods/DistantHorizons-3.3.0-1.21.11-fabric-neoforge.jar
[19:21:23] [pool-2-thread-11/WARN] (FabricLoader/ModRemap) duplicate input class com/seibel/distanthorizons/api/interfaces/config/IDhApiConfig, from /home/ascend/randomBullshit/mcBenchmarkCore/run/mods/DistantHorizonsApi-7.1.0.jar and /home/ascend/randomBullshit/mcBenchmarkCore/run/mods/DistantHorizons-3.3.0-1.21.11-fabric-neoforge.jar
[19:21:23] [pool-2-thread-11/WARN] (FabricLoader/ModRemap) duplicate input class com/seibel/distanthorizons/api/interfaces/block/IDhApiBlockStateWrapper, from /home/ascend/randomBullshit/mcBenchmarkCore/run/mods/DistantHorizonsApi-7.1.0.jar and /home/ascend/randomBullshit/mcBenchmarkCore/run/mods/DistantHorizons-3.3.0-1.21.11-fabric-neoforge.jar
[19:21:23] [pool-2-thread-11/WARN] (FabricLoader/ModRemap) duplicate input class com/seibel/distanthorizons/api/interfaces/block/IDhApiBiomeWrapper, from /home/ascend/randomBullshit/mcBenchmarkCore/run/mods/DistantHorizonsApi-7.1.0.jar and /home/ascend/randomBullshit/mcBenchmarkCore/run/mods/DistantHorizons-3.3.0-1.21.11-fabric-neoforge.jar
[19:21:23] [pool-2-thread-11/WARN] (FabricLoader/ModRemap) duplicate input class com/seibel/distanthorizons/api/interfaces/IDhApiUnsafeWrapper, from /home/ascend/randomBullshit/mcBenchmarkCore/run/mods/DistantHorizonsApi-7.1.0.jar and /home/ascend/randomBullshit/mcBenchmarkCore/run/mods/DistantHorizons-3.3.0-1.21.11-fabric-neoforge.jar
[19:21:23] [pool-2-thread-11/WARN] (FabricLoader/ModRemap) duplicate input class com/seibel/distanthorizons/api/enums/worldGeneration/EDhApiWorldGeneratorReturnType, from /home/ascend/randomBullshit/mcBenchmarkCore/run/mods/DistantHorizonsApi-7.1.0.jar and /home/ascend/randomBullshit/mcBenchmarkCore/run/mods/DistantHorizons-3.3.0-1.21.11-fabric-neoforge.jar
[19:21:23] [pool-2-thread-11/WARN] (FabricLoader/ModRemap) duplicate input class com/seibel/distanthorizons/api/enums/worldGeneration/EDhApiWorldGenerationStep, from /home/ascend/randomBullshit/mcBenchmarkCore/run/mods/DistantHorizonsApi-7.1.0.jar and /home/ascend/randomBullshit/mcBenchmarkCore/run/mods/DistantHorizons-3.3.0-1.21.11-fabric-neoforge.jar
[19:21:23] [pool-2-thread-11/WARN] (FabricLoader/ModRemap) duplicate input class com/seibel/distanthorizons/api/enums/worldGeneration/EDhApiLevelType, from /home/ascend/randomBullshit/mcBenchmarkCore/run/mods/DistantHorizonsApi-7.1.0.jar and /home/ascend/randomBullshit/mcBenchmarkCore/run/mods/DistantHorizons-3.3.0-1.21.11-fabric-neoforge.jar
[19:21:23] [pool-2-thread-11/WARN] (FabricLoader/ModRemap) duplicate input class com/seibel/distanthorizons/api/enums/worldGeneration/EDhApiGeneratorPlan, from /home/ascend/randomBullshit/mcBenchmarkCore/run/mods/DistantHorizonsApi-7.1.0.jar and /home/ascend/randomBullshit/mcBenchmarkCore/run/mods/DistantHorizons-3.3.0-1.21.11-fabric-neoforge.jar
[19:21:23] [pool-2-thread-11/WARN] (FabricLoader/ModRemap) duplicate input class com/seibel/distanthorizons/api/enums/worldGeneration/EDhApiDistantGeneratorProgressDisplayLocation, from /home/ascend/randomBullshit/mcBenchmarkCore/run/mods/DistantHorizonsApi-7.1.0.jar and /home/ascend/randomBullshit/mcBenchmarkCore/run/mods/DistantHorizons-3.3.0-1.21.11-fabric-neoforge.jar
[19:21:23] [pool-2-thread-11/WARN] (FabricLoader/ModRemap) duplicate input class com/seibel/distanthorizons/api/enums/worldGeneration/EDhApiDistantGeneratorMode, from /home/ascend/randomBullshit/mcBenchmarkCore/run/mods/DistantHorizonsApi-7.1.0.jar and /home/ascend/randomBullshit/mcBenchmarkCore/run/mods/DistantHorizons-3.3.0-1.21.11-fabric-neoforge.jar
[19:21:23] [pool-2-thread-11/WARN] (FabricLoader/ModRemap) duplicate input class com/seibel/distanthorizons/api/enums/rendering/EDhApiTransparency, from /home/ascend/randomBullshit/mcBenchmarkCore/run/mods/DistantHorizonsApi-7.1.0.jar and /home/ascend/randomBullshit/mcBenchmarkCore/run/mods/DistantHorizons-3.3.0-1.21.11-fabric-neoforge.jar
[19:21:23] [pool-2-thread-11/WARN] (FabricLoader/ModRemap) duplicate input class com/seibel/distanthorizons/api/enums/rendering/EDhApiRendererMode, from /home/ascend/randomBullshit/mcBenchmarkCore/run/mods/DistantHorizonsApi-7.1.0.jar and /home/ascend/randomBullshit/mcBenchmarkCore/run/mods/DistantHorizons-3.3.0-1.21.11-fabric-neoforge.jar
[19:21:23] [pool-2-thread-11/WARN] (FabricLoader/ModRemap) duplicate input class com/seibel/distanthorizons/api/enums/rendering/EDhApiRenderPass, from /home/ascend/randomBullshit/mcBenchmarkCore/run/mods/DistantHorizonsApi-7.1.0.jar and /home/ascend/randomBullshit/mcBenchmarkCore/run/mods/DistantHorizons-3.3.0-1.21.11-fabric-neoforge.jar
[19:21:23] [pool-2-thread-11/WARN] (FabricLoader/ModRemap) duplicate input class com/seibel/distanthorizons/api/enums/rendering/EDhApiHeightFogMixMode, from /home/ascend/randomBullshit/mcBenchmarkCore/run/mods/DistantHorizonsApi-7.1.0.jar and /home/ascend/randomBullshit/mcBenchmarkCore/run/mods/DistantHorizons-3.3.0-1.21.11-fabric-neoforge.jar
[19:21:23] [pool-2-thread-11/WARN] (FabricLoader/ModRemap) duplicate input class com/seibel/distanthorizons/api/enums/rendering/EDhApiHeightFogDirection, from /home/ascend/randomBullshit/mcBenchmarkCore/run/mods/DistantHorizonsApi-7.1.0.jar and /home/ascend/randomBullshit/mcBenchmarkCore/run/mods/DistantHorizons-3.3.0-1.21.11-fabric-neoforge.jar
[19:21:23] [pool-2-thread-11/WARN] (FabricLoader/ModRemap) duplicate input class com/seibel/distanthorizons/api/enums/rendering/EDhApiFogFalloff, from /home/ascend/randomBullshit/mcBenchmarkCore/run/mods/DistantHorizonsApi-7.1.0.jar and /home/ascend/randomBullshit/mcBenchmarkCore/run/mods/DistantHorizons-3.3.0-1.21.11-fabric-neoforge.jar
[19:21:23] [pool-2-thread-11/WARN] (FabricLoader/ModRemap) duplicate input class com/seibel/distanthorizons/api/enums/rendering/EDhApiFogDrawMode, from /home/ascend/randomBullshit/mcBenchmarkCore/run/mods/DistantHorizonsApi-7.1.0.jar and /home/ascend/randomBullshit/mcBenchmarkCore/run/mods/DistantHorizons-3.3.0-1.21.11-fabric-neoforge.jar
[19:21:23] [pool-2-thread-11/WARN] (FabricLoader/ModRemap) duplicate input class com/seibel/distanthorizons/api/enums/rendering/EDhApiFogColorMode, from /home/ascend/randomBullshit/mcBenchmarkCore/run/mods/DistantHorizonsApi-7.1.0.jar and /home/ascend/randomBullshit/mcBenchmarkCore/run/mods/DistantHorizons-3.3.0-1.21.11-fabric-neoforge.jar
[19:21:23] [pool-2-thread-11/WARN] (FabricLoader/ModRemap) duplicate input class com/seibel/distanthorizons/api/enums/rendering/EDhApiDirection, from /home/ascend/randomBullshit/mcBenchmarkCore/run/mods/DistantHorizonsApi-7.1.0.jar and /home/ascend/randomBullshit/mcBenchmarkCore/run/mods/DistantHorizons-3.3.0-1.21.11-fabric-neoforge.jar
[19:21:23] [pool-2-thread-11/WARN] (FabricLoader/ModRemap) duplicate input class com/seibel/distanthorizons/api/enums/rendering/EDhApiDebugRendering, from /home/ascend/randomBullshit/mcBenchmarkCore/run/mods/DistantHorizonsApi-7.1.0.jar and /home/ascend/randomBullshit/mcBenchmarkCore/run/mods/DistantHorizons-3.3.0-1.21.11-fabric-neoforge.jar
[19:21:23] [pool-2-thread-11/WARN] (FabricLoader/ModRemap) duplicate input class com/seibel/distanthorizons/api/enums/rendering/EDhApiBlockMaterial, from /home/ascend/randomBullshit/mcBenchmarkCore/run/mods/DistantHorizonsApi-7.1.0.jar and /home/ascend/randomBullshit/mcBenchmarkCore/run/mods/DistantHorizons-3.3.0-1.21.11-fabric-neoforge.jar
[19:21:23] [pool-2-thread-11/WARN] (FabricLoader/ModRemap) duplicate input class com/seibel/distanthorizons/api/enums/config/quickOptions/EDhApiThreadPreset, from /home/ascend/randomBullshit/mcBenchmarkCore/run/mods/DistantHorizonsApi-7.1.0.jar and /home/ascend/randomBullshit/mcBenchmarkCore/run/mods/DistantHorizons-3.3.0-1.21.11-fabric-neoforge.jar
[19:21:23] [pool-2-thread-11/WARN] (FabricLoader/ModRemap) duplicate input class com/seibel/distanthorizons/api/enums/config/quickOptions/EDhApiQualityPreset, from /home/ascend/randomBullshit/mcBenchmarkCore/run/mods/DistantHorizonsApi-7.1.0.jar and /home/ascend/randomBullshit/mcBenchmarkCore/run/mods/DistantHorizons-3.3.0-1.21.11-fabric-neoforge.jar
[19:21:23] [pool-2-thread-11/WARN] (FabricLoader/ModRemap) duplicate input class com/seibel/distanthorizons/api/enums/config/EDhApiWorldCompressionMode, from /home/ascend/randomBullshit/mcBenchmarkCore/run/mods/DistantHorizonsApi-7.1.0.jar and /home/ascend/randomBullshit/mcBenchmarkCore/run/mods/DistantHorizons-3.3.0-1.21.11-fabric-neoforge.jar
[19:21:23] [pool-2-thread-11/WARN] (FabricLoader/ModRemap) duplicate input class com/seibel/distanthorizons/api/enums/config/EDhApiVerticalQuality, from /home/ascend/randomBullshit/mcBenchmarkCore/run/mods/DistantHorizonsApi-7.1.0.jar and /home/ascend/randomBullshit/mcBenchmarkCore/run/mods/DistantHorizons-3.3.0-1.21.11-fabric-neoforge.jar
[19:21:23] [pool-2-thread-11/WARN] (FabricLoader/ModRemap) duplicate input class com/seibel/distanthorizons/api/enums/config/EDhApiUpdateBranch, from /home/ascend/randomBullshit/mcBenchmarkCore/run/mods/DistantHorizonsApi-7.1.0.jar and /home/ascend/randomBullshit/mcBenchmarkCore/run/mods/DistantHorizons-3.3.0-1.21.11-fabric-neoforge.jar
[19:21:23] [pool-2-thread-11/WARN] (FabricLoader/ModRemap) duplicate input class com/seibel/distanthorizons/api/enums/config/EDhApiServerFolderNameMode, from /home/ascend/randomBullshit/mcBenchmarkCore/run/mods/DistantHorizonsApi-7.1.0.jar and /home/ascend/randomBullshit/mcBenchmarkCore/run/mods/DistantHorizons-3.3.0-1.21.11-fabric-neoforge.jar
[19:21:23] [pool-2-thread-11/WARN] (FabricLoader/ModRemap) duplicate input class com/seibel/distanthorizons/api/enums/config/EDhApiRenderingEngine, from /home/ascend/randomBullshit/mcBenchmarkCore/run/mods/DistantHorizonsApi-7.1.0.jar and /home/ascend/randomBullshit/mcBenchmarkCore/run/mods/DistantHorizons-3.3.0-1.21.11-fabric-neoforge.jar
[19:21:23] [pool-2-thread-11/WARN] (FabricLoader/ModRemap) duplicate input class com/seibel/distanthorizons/api/enums/config/EDhApiRenderingApi, from /home/ascend/randomBullshit/mcBenchmarkCore/run/mods/DistantHorizonsApi-7.1.0.jar and /home/ascend/randomBullshit/mcBenchmarkCore/run/mods/DistantHorizons-3.3.0-1.21.11-fabric-neoforge.jar
[19:21:23] [pool-2-thread-11/WARN] (FabricLoader/ModRemap) duplicate input class com/seibel/distanthorizons/api/enums/config/EDhApiMcRenderingFadeMode, from /home/ascend/randomBullshit/mcBenchmarkCore/run/mods/DistantHorizonsApi-7.1.0.jar and /home/ascend/randomBullshit/mcBenchmarkCore/run/mods/DistantHorizons-3.3.0-1.21.11-fabric-neoforge.jar
[19:21:23] [pool-2-thread-11/WARN] (FabricLoader/ModRemap) duplicate input class com/seibel/distanthorizons/api/enums/config/EDhApiMaxHorizontalResolution, from /home/ascend/randomBullshit/mcBenchmarkCore/run/mods/DistantHorizonsApi-7.1.0.jar and /home/ascend/randomBullshit/mcBenchmarkCore/run/mods/DistantHorizons-3.3.0-1.21.11-fabric-neoforge.jar
[19:21:23] [pool-2-thread-11/WARN] (FabricLoader/ModRemap) duplicate input class com/seibel/distanthorizons/api/enums/config/EDhApiLoggerLevel, from /home/ascend/randomBullshit/mcBenchmarkCore/run/mods/DistantHorizonsApi-7.1.0.jar and /home/ascend/randomBullshit/mcBenchmarkCore/run/mods/DistantHorizons-3.3.0-1.21.11-fabric-neoforge.jar
[19:21:23] [pool-2-thread-11/WARN] (FabricLoader/ModRemap) duplicate input class com/seibel/distanthorizons/api/enums/config/EDhApiLodShading, from /home/ascend/randomBullshit/mcBenchmarkCore/run/mods/DistantHorizonsApi-7.1.0.jar and /home/ascend/randomBullshit/mcBenchmarkCore/run/mods/DistantHorizons-3.3.0-1.21.11-fabric-neoforge.jar
[19:21:23] [pool-2-thread-11/WARN] (FabricLoader/ModRemap) duplicate input class com/seibel/distanthorizons/api/enums/config/EDhApiHorizontalQuality, from /home/ascend/randomBullshit/mcBenchmarkCore/run/mods/DistantHorizonsApi-7.1.0.jar and /home/ascend/randomBullshit/mcBenchmarkCore/run/mods/DistantHorizons-3.3.0-1.21.11-fabric-neoforge.jar
[19:21:23] [pool-2-thread-11/WARN] (FabricLoader/ModRemap) duplicate input class com/seibel/distanthorizons/api/enums/config/EDhApiGrassSideRendering, from /home/ascend/randomBullshit/mcBenchmarkCore/run/mods/DistantHorizonsApi-7.1.0.jar and /home/ascend/randomBullshit/mcBenchmarkCore/run/mods/DistantHorizons-3.3.0-1.21.11-fabric-neoforge.jar
[19:21:23] [pool-2-thread-11/WARN] (FabricLoader/ModRemap) duplicate input class com/seibel/distanthorizons/api/enums/config/EDhApiGpuUploadMethod, from /home/ascend/randomBullshit/mcBenchmarkCore/run/mods/DistantHorizonsApi-7.1.0.jar and /home/ascend/randomBullshit/mcBenchmarkCore/run/mods/DistantHorizons-3.3.0-1.21.11-fabric-neoforge.jar
[19:21:23] [pool-2-thread-11/WARN] (FabricLoader/ModRemap) duplicate input class com/seibel/distanthorizons/api/enums/config/EDhApiGlProfileMode, from /home/ascend/randomBullshit/mcBenchmarkCore/run/mods/DistantHorizonsApi-7.1.0.jar and /home/ascend/randomBullshit/mcBenchmarkCore/run/mods/DistantHorizons-3.3.0-1.21.11-fabric-neoforge.jar
[19:21:23] [pool-2-thread-11/WARN] (FabricLoader/ModRemap) duplicate input class com/seibel/distanthorizons/api/enums/config/EDhApiGLErrorHandlingMode, from /home/ascend/randomBullshit/mcBenchmarkCore/run/mods/DistantHorizonsApi-7.1.0.jar and /home/ascend/randomBullshit/mcBenchmarkCore/run/mods/DistantHorizons-3.3.0-1.21.11-fabric-neoforge.jar
[19:21:23] [pool-2-thread-11/WARN] (FabricLoader/ModRemap) duplicate input class com/seibel/distanthorizons/api/enums/config/EDhApiDatabaseSyncMode, from /home/ascend/randomBullshit/mcBenchmarkCore/run/mods/DistantHorizonsApi-7.1.0.jar and /home/ascend/randomBullshit/mcBenchmarkCore/run/mods/DistantHorizons-3.3.0-1.21.11-fabric-neoforge.jar
[19:21:23] [pool-2-thread-11/WARN] (FabricLoader/ModRemap) duplicate input class com/seibel/distanthorizons/api/enums/config/EDhApiDataCompressionMode, from /home/ascend/randomBullshit/mcBenchmarkCore/run/mods/DistantHorizonsApi-7.1.0.jar and /home/ascend/randomBullshit/mcBenchmarkCore/run/mods/DistantHorizons-3.3.0-1.21.11-fabric-neoforge.jar
[19:21:23] [pool-2-thread-11/WARN] (FabricLoader/ModRemap) duplicate input class com/seibel/distanthorizons/api/enums/config/EDhApiBlocksToAvoid, from /home/ascend/randomBullshit/mcBenchmarkCore/run/mods/DistantHorizonsApi-7.1.0.jar and /home/ascend/randomBullshit/mcBenchmarkCore/run/mods/DistantHorizons-3.3.0-1.21.11-fabric-neoforge.jar
[19:21:23] [pool-2-thread-11/WARN] (FabricLoader/ModRemap) duplicate input class com/seibel/distanthorizons/api/enums/config/DisallowSelectingViaConfigGui, from /home/ascend/randomBullshit/mcBenchmarkCore/run/mods/DistantHorizonsApi-7.1.0.jar and /home/ascend/randomBullshit/mcBenchmarkCore/run/mods/DistantHorizons-3.3.0-1.21.11-fabric-neoforge.jar
[19:21:23] [pool-2-thread-11/WARN] (FabricLoader/ModRemap) duplicate input class com/seibel/distanthorizons/api/enums/EDhApiDetailLevel, from /home/ascend/randomBullshit/mcBenchmarkCore/run/mods/DistantHorizonsApi-7.1.0.jar and /home/ascend/randomBullshit/mcBenchmarkCore/run/mods/DistantHorizons-3.3.0-1.21.11-fabric-neoforge.jar
[19:21:23] [pool-2-thread-11/WARN] (FabricLoader/ModRemap) duplicate input class com/seibel/distanthorizons/api/DhApi, from /home/ascend/randomBullshit/mcBenchmarkCore/run/mods/DistantHorizonsApi-7.1.0.jar and /home/ascend/randomBullshit/mcBenchmarkCore/run/mods/DistantHorizons-3.3.0-1.21.11-fabric-neoforge.jar
[19:21:23] [pool-2-thread-11/WARN] (FabricLoader/ModRemap) duplicate input class com/seibel/distanthorizons/api/DhApi$Delayed, from /home/ascend/randomBullshit/mcBenchmarkCore/run/mods/DistantHorizonsApi-7.1.0.jar and /home/ascend/randomBullshit/mcBenchmarkCore/run/mods/DistantHorizons-3.3.0-1.21.11-fabric-neoforge.jar
[19:21:24] [pool-2-thread-5/WARN] (FabricLoader/ModRemap) Cannot remap lambda$addMainPass$1 because it does not exist in any of the targets [net/minecraft/class_761]
[19:21:24] [pool-2-thread-5/WARN] (FabricLoader/ModRemap) Cannot remap lambda$addParticlesPass$2 because it does not exist in any of the targets [net/minecraft/class_761]
[19:21:24] [pool-2-thread-5/WARN] (FabricLoader/ModRemap) Cannot remap lambda$addParticlesPass$2 because it does not exist in any of the targets [net/minecraft/class_761]
[19:21:24] [pool-2-thread-3/WARN] (FabricLoader/ModRemap) Cannot remap lambda$addSkyPass$8 because it does not exist in any of the targets [net/minecraft/class_761]
[19:21:24] [pool-2-thread-4/WARN] (FabricLoader/ModRemap) Cannot remap lambda$addMainPass$1 because it does not exist in any of the targets [net/minecraft/class_761]
[19:21:24] [pool-2-thread-12/WARN] (FabricLoader/ModRemap) Cannot remap lambda$tick$1 because it does not exist in any of the targets [net/minecraft/class_4897]
[19:21:25] [pool-2-thread-4/WARN] (FabricLoader/ModRemap) Cannot remap renderSingleBlock(Lnet/minecraft/world/level/block/state/BlockState;Lcom/mojang/blaze3d/vertex/PoseStack;Lnet/minecraft/client/renderer/MultiBufferSource;IILnet/minecraft/world/level/BlockAndTintGetter;Lnet/minecraft/core/BlockPos;)V because it does not exist in any of the targets [net/minecraft/class_776]
[19:21:25] [pool-2-thread-4/WARN] (FabricLoader/ModRemap) Cannot remap push because it does not exist in any of the targets [net/minecraft/class_287]
[19:21:25] [pool-2-thread-7/WARN] (FabricLoader/ModRemap) Cannot remap lambda$submit$0 because it does not exist in any of the targets [net/minecraft/class_840]
[19:21:25] [pool-2-thread-4/WARN] (FabricLoader/ModRemap) Cannot remap lambda$addSkyPass$8 because it does not exist in any of the targets [net/minecraft/class_761]
[19:21:25] [pool-2-thread-4/WARN] (FabricLoader/ModRemap) Cannot remap lambda$addSkyPass$8 because it does not exist in any of the targets [net/minecraft/class_761]
[19:21:25] [pool-2-thread-4/WARN] (FabricLoader/ModRemap) Cannot remap lambda$addCloudsPass$3 because it does not exist in any of the targets [net/minecraft/class_761]
[19:21:25] [pool-2-thread-4/WARN] (FabricLoader/ModRemap) Cannot remap lambda$addCloudsPass$3 because it does not exist in any of the targets [net/minecraft/class_761]
[19:21:25] [pool-2-thread-4/WARN] (FabricLoader/ModRemap) Cannot remap lambda$addMainPass$1 because it does not exist in any of the targets [net/minecraft/class_761]
[19:21:25] [pool-2-thread-4/WARN] (FabricLoader/ModRemap) Cannot remap lambda$addWeatherPass$4 because it does not exist in any of the targets [net/minecraft/class_761]
[19:21:25] [pool-2-thread-3/WARN] (FabricLoader/ModRemap) Cannot remap lambda$reload$3 because it does not exist in any of the targets [net/minecraft/class_1060]
[19:21:25] [pool-2-thread-4/WARN] (FabricLoader/ModRemap) Cannot remap lambda$addWeatherPass$4 because it does not exist in any of the targets [net/minecraft/class_761]
[19:21:25] [pool-2-thread-4/WARN] (FabricLoader/ModRemap) Cannot remap lambda$addWeatherPass$4 because it does not exist in any of the targets [net/minecraft/class_761]
[19:21:25] [pool-2-thread-4/WARN] (FabricLoader/ModRemap) Cannot remap lambda$addMainPass$1 because it does not exist in any of the targets [net/minecraft/class_761]
[19:21:25] [pool-2-thread-9/WARN] (FabricLoader/ModRemap) Cannot remap iterateVisibleBlockEntities because it does not exist in any of the targets [net/minecraft/class_761]
[19:21:25] [pool-2-thread-9/WARN] (FabricLoader/ModRemap) Cannot remap lambda$addMainPass$1 because it does not exist in any of the targets [net/minecraft/class_761]
[19:21:25] [pool-2-thread-3/WARN] (FabricLoader/ModRemap) Cannot remap lambda$init$2 because it does not exist in any of the targets [net/minecraft/class_429]
[19:21:25] [pool-2-thread-6/WARN] (FabricLoader/ModRemap) Cannot remap sodium$setActive(Z)V because it does not exist in any of the targets [net/minecraft/class_7764]
[19:21:31] [main/INFO] (FabricLoader/Mixin) SpongePowered MIXIN Subsystem Version=0.8.7 Source=file:/home/ascend/.gradle/caches/modules-2/files-2.1/net.fabricmc/sponge-mixin/0.17.3+mixin.0.8.7/41c4a3984a80f4679e759fb9f495587acc5cdac7/sponge-mixin-0.17.3+mixin.0.8.7.jar Service=Knot/Fabric Env=CLIENT
[19:21:31] [main/INFO] (FabricLoader/Mixin) Loaded Fabric development mappings for mixin remapper!
[19:21:31] [main/INFO] (FabricLoader/Mixin) Compatibility level set to JAVA_21
[19:21:31] [main/WARN] (FabricLoader/Mixin) Reference map 'iris.refmap.json' for mixins.iris.json could not be read. If this is a development environment you can ignore this message
[19:21:31] [main/WARN] (FabricLoader/Mixin) Reference map 'iris-fabric.refmap.json' for mixins.iris.fabric.json could not be read. If this is a development environment you can ignore this message
[19:21:31] [main/WARN] (FabricLoader/Mixin) Reference map 'iris.refmap.json' for mixins.iris.fantastic.json could not be read. If this is a development environment you can ignore this message
[19:21:31] [main/WARN] (FabricLoader/Mixin) Reference map 'iris.refmap.json' for mixins.iris.vertexformat.json could not be read. If this is a development environment you can ignore this message
[19:21:31] [main/WARN] (FabricLoader/Mixin) Reference map 'iris.refmap.json' for mixins.iris.bettermipmaps.json could not be read. If this is a development environment you can ignore this message
[19:21:31] [main/WARN] (FabricLoader/Mixin) Reference map 'iris.refmap.json' for mixins.iris.compat.sodium.json could not be read. If this is a development environment you can ignore this message
[19:21:31] [main/WARN] (FabricLoader/Mixin) Reference map 'iris.refmap.json' for mixins.iris.fixes.maxfpscrash.json could not be read. If this is a development environment you can ignore this message
[19:21:31] [main/INFO] (Sodium) Loaded configuration file for Sodium: 36 options available, 1 override(s) found
[19:21:31] [main/WARN] (FabricLoader/Mixin) Reference map 'client-fpstest-refmap.json' for fpstest.client.mixins.json could not be read. If this is a development environment you can ignore this message
[19:21:31] [main/INFO] (AbstractDhMixinPlugin) Apply DH mixin [com.seibel.distanthorizons.fabric.mixins.server.MixinChunkGenerator] -> [net.minecraft.world.level.chunk.ChunkGenerator]...
[19:21:31] [main/INFO] (AbstractDhMixinPlugin) Apply DH mixin [com.seibel.distanthorizons.fabric.mixins.server.MixinChunkMap] -> [net.minecraft.server.level.ChunkMap]...
[19:21:31] [main/INFO] (AbstractDhMixinPlugin) Apply DH mixin [com.seibel.distanthorizons.fabric.mixins.server.MixinEntity] -> [net.minecraft.world.entity.Entity]...
[19:21:31] [main/INFO] (AbstractDhMixinPlugin) Apply DH mixin [com.seibel.distanthorizons.fabric.mixins.server.MixinServerPlayer] -> [net.minecraft.server.level.ServerPlayer]...
[19:21:31] [main/INFO] (AbstractDhMixinPlugin) Apply DH mixin [com.seibel.distanthorizons.fabric.mixins.server.MixinTracingExecutor] -> [net.minecraft.TracingExecutor]...
[19:21:31] [main/INFO] (AbstractDhMixinPlugin) Apply DH mixin [com.seibel.distanthorizons.fabric.mixins.server.MixinUtilBackgroundThread] -> [net.minecraft.util.Util]...
[19:21:31] [main/INFO] (AbstractDhMixinPlugin) Apply DH mixin [com.seibel.distanthorizons.fabric.mixins.server.MixinLevelTicks] -> [net.minecraft.world.ticks.LevelTicks]...
[19:21:31] [main/INFO] (AbstractDhMixinPlugin) Apply DH mixin [com.seibel.distanthorizons.fabric.mixins.client.MixinClientLevel] -> [net.minecraft.client.multiplayer.ClientLevel]...
[19:21:31] [main/INFO] (AbstractDhMixinPlugin) Apply DH mixin [com.seibel.distanthorizons.fabric.mixins.client.MixinClientPacketListener] -> [net.minecraft.client.multiplayer.ClientPacketListener]...
[19:21:31] [main/INFO] (AbstractDhMixinPlugin) Apply DH mixin [com.seibel.distanthorizons.fabric.mixins.client.MixinDebugScreenOverlay] -> [net.minecraft.client.gui.components.DebugScreenOverlay]...
[19:21:31] [main/INFO] (AbstractDhMixinPlugin) Apply DH mixin [com.seibel.distanthorizons.fabric.mixins.client.MixinFogRenderer] -> [net.minecraft.client.renderer.fog.FogRenderer]...
[19:21:31] [main/INFO] (AbstractDhMixinPlugin) Apply DH mixin [com.seibel.distanthorizons.fabric.mixins.client.MixinGameRenderer] -> [net.minecraft.world.entity.Entity]...
[19:21:31] [main/INFO] (AbstractDhMixinPlugin) Skip DH mixin [com.seibel.distanthorizons.fabric.mixins.client.MixinImmersivePortalsRenderStates] -> [qouteall/imm_ptl/core/render/context_management/RenderStates] due to DH logic.
[19:21:31] [main/INFO] (AbstractDhMixinPlugin) Apply DH mixin [com.seibel.distanthorizons.fabric.mixins.client.MixinIrisFrameBuffer] -> [net/irisshaders/iris/gl/framebuffer/GlFramebuffer]...
[19:21:31] [main/INFO] (AbstractDhMixinPlugin) Apply DH mixin [com.seibel.distanthorizons.fabric.mixins.client.MixinLevelRenderer] -> [net.minecraft.client.renderer.LevelRenderer]...
[19:21:31] [main/INFO] (AbstractDhMixinPlugin) Apply DH mixin [com.seibel.distanthorizons.fabric.mixins.client.MixinChunkSectionsToRender] -> [net.minecraft.client.renderer.chunk.ChunkSectionsToRender]...
[19:21:31] [main/INFO] (AbstractDhMixinPlugin) Apply DH mixin [com.seibel.distanthorizons.fabric.mixins.client.MixinLightTexture] -> [net.minecraft.client.renderer.LightTexture]...
[19:21:31] [main/INFO] (AbstractDhMixinPlugin) Apply DH mixin [com.seibel.distanthorizons.fabric.mixins.client.MixinMinecraft] -> [net.minecraft.client.Minecraft]...
[19:21:31] [main/INFO] (AbstractDhMixinPlugin) Apply DH mixin [com.seibel.distanthorizons.fabric.mixins.client.MixinOptionsScreen] -> [net.minecraft.client.gui.screens.options.OptionsScreen]...
[19:21:31] [main/INFO] (AbstractDhMixinPlugin) Apply DH mixin [com.seibel.distanthorizons.fabric.mixins.client.MixinSharedConstants] -> [net.minecraft.SharedConstants]...
[19:21:31] [main/INFO] (AbstractDhMixinPlugin) Apply DH mixin [com.seibel.distanthorizons.fabric.mixins.client.MixinProjectionMatrixBuffer] -> [net.minecraft.world.entity.Entity]...
[19:21:31] [main/INFO] (AbstractDhMixinPlugin) Apply DH mixin [com.seibel.distanthorizons.fabric.mixins.client.MixinMain] -> [net.minecraft.client.main.Main]...
[19:21:31] [main/WARN] (Sodium) Force-disabling mixin 'features.render.world.sky.LevelRendererMixin' as rule 'mixin.features.render.world.sky' (added by mods [iris]) disables it and children
[19:21:31] [main/WARN] (FabricLoader/Mixin) Error loading class: com/moulberry/flashback/record/FlashbackMeta (java.lang.ClassNotFoundException: com/moulberry/flashback/record/FlashbackMeta)
[19:21:31] [main/WARN] (FabricLoader/Mixin) @Mixin target com.moulberry.flashback.record.FlashbackMeta was not found client.voxy.mixins.json:flashback.MixinFlashbackMeta from mod voxy
[19:21:31] [main/WARN] (FabricLoader/Mixin) Error loading class: com/moulberry/flashback/record/Recorder (java.lang.ClassNotFoundException: com/moulberry/flashback/record/Recorder)
[19:21:31] [main/WARN] (FabricLoader/Mixin) @Mixin target com.moulberry.flashback.record.Recorder was not found client.voxy.mixins.json:flashback.MixinFlashbackRecorder from mod voxy
[19:21:31] [main/WARN] (FabricLoader/Mixin) Error loading class: me/cortex/nvidium/RenderPipeline (java.lang.ClassNotFoundException: me/cortex/nvidium/RenderPipeline)
[19:21:31] [main/WARN] (FabricLoader/Mixin) @Mixin target me.cortex.nvidium.RenderPipeline was not found client.voxy.mixins.json:nvidium.MixinRenderPipeline from mod voxy
[19:21:31] [main/WARN] (FabricLoader/Mixin) Error loading class: org/popcraft/chunky/platform/FabricWorld (java.lang.ClassNotFoundException: org/popcraft/chunky/platform/FabricWorld)
[19:21:31] [main/WARN] (FabricLoader/Mixin) @Mixin target org.popcraft.chunky.platform.FabricWorld was not found common.voxy.mixins.json:chunky.MixinFabricWorld from mod voxy
[19:21:32] [main/INFO] (Sodium-GraphicsAdapterProbe) Searching for graphics cards...
[19:21:32] [main/INFO] (Sodium-GraphicsAdapterProbe) Found graphics adapter: LinuxPciAdapterInfo[vendor=AMD, name=Device 164e, pciVendorId=0x1002, pciDeviceId=0x164e]
[19:21:32] [main/INFO] (Sodium-GraphicsAdapterProbe) Found graphics adapter: LinuxPciAdapterInfo[vendor=NVIDIA, name=Device 2783, pciVendorId=0x10de, pciDeviceId=0x2783]
[19:21:32] [main/INFO] (Sodium-GraphicsAdapterProbe) Found graphics adapter: LinuxPciAdapterInfo[vendor=AMD, name=Baffin [Radeon RX 460/560D / Pro 450/455/460/555/555X/560/560X], pciVendorId=0x1002, pciDeviceId=0x67ef]
[19:21:32] [main/WARN] (Sodium-Workarounds) Sodium has applied one or more workarounds to prevent crashes or other issues on your system: [NVIDIA_THREADED_OPTIMIZATIONS_BROKEN, NO_ERROR_CONTEXT_UNSUPPORTED]
[19:21:32] [main/WARN] (Sodium-Workarounds) This is not necessarily an issue, but it may result in certain features or optimizations being disabled. You can sometimes fix these issues by upgrading your graphics driver.
[19:21:32] [main/INFO] (FabricLoader/MixinExtras|Service) Initializing MixinExtras via com.llamalad7.mixinextras.service.MixinExtrasServiceImpl(version=0.5.4).
[19:21:32] [main/INFO] (DistantHorizons-SharedConstants) DH is setting Minecraft's SharedConstants.IS_RUNNING_IN_IDE to [true]
[19:21:32] [Datafixer Bootstrap/INFO] (Minecraft) 287 Datafixer optimizations took 194 milliseconds
[19:21:35] [main/WARN] (Minecraft) Ambiguity between arguments [teleport, location] and [teleport, destination] with inputs: [0.1 -0.5 .9, 0 0 0]
[19:21:35] [main/WARN] (Minecraft) Ambiguity between arguments [teleport, location] and [teleport, targets] with inputs: [0.1 -0.5 .9, 0 0 0]
[19:21:35] [main/WARN] (Minecraft) Ambiguity between arguments [teleport, destination] and [teleport, targets] with inputs: [Player, 0123, @e, dd12be42-52a9-4a91-a8a1-11c01849e498]
[19:21:35] [main/WARN] (Minecraft) Ambiguity between arguments [teleport, targets] and [teleport, destination] with inputs: [Player, 0123, dd12be42-52a9-4a91-a8a1-11c01849e498]
[19:21:35] [main/WARN] (Minecraft) Ambiguity between arguments [teleport, targets, location] and [teleport, targets, destination] with inputs: [0.1 -0.5 .9, 0 0 0]
[19:21:35] [main/WARN] (Minecraft) Ambiguity between arguments [waypoint, modify, waypoint, color, reset] and [waypoint, modify, waypoint, color, color] with inputs: [reset]
[19:21:36] [Render thread/INFO] (Minecraft) Environment: Environment[sessionHost=https://sessionserver.mojang.com, servicesHost=https://api.minecraftservices.com, profilesHost=https://api.mojang.com, name=PROD]
[19:21:36] [Render thread/INFO] (Minecraft) Setting user: Player176
[19:21:36] [Render thread/INFO] (voxyworldgenv2) voxy world gen v2 initializing
[19:21:36] [Render thread/INFO] (voxyworldgenv2) voxy networking initialized
[19:21:36] [Render thread/INFO] (FancyMenu) [FANCYMENU] Loading v3.9.12 in client-side mode on FABRIC!
[19:21:36] [Render thread/INFO] (FancyMenuFabricClientEvents) [FANCYMENU] Registered FancyMenu's resource reload listener via Fabric API.
[19:21:36] [Render thread/INFO] (Melody) [MELODY] Loading v1.0.15 on FABRIC...
[19:21:36] [Render thread/INFO] (Voxy) [me.cx.vy.cn.cg.Serialization]: Registered Config as LZ4 for config type CompressorConfig
[19:21:36] [Render thread/INFO] (Voxy) [me.cx.vy.cn.cg.Serialization]: Registered Config as ZSTD for config type CompressorConfig
[19:21:36] [Render thread/INFO] (Voxy) [me.cx.vy.cn.cg.Serialization]: Registered Config as Serializer for config type SectionStorageConfig
[19:21:36] [Render thread/INFO] (Voxy) [me.cx.vy.cn.cg.Serialization]: Registered Config as Memory for config type StorageConfig
[19:21:36] [Render thread/INFO] (Voxy) [me.cx.vy.cn.cg.Serialization]: Registered Config as RocksDB for config type StorageConfig
[19:21:36] [Render thread/INFO] (Voxy) [me.cx.vy.cn.cg.Serialization]: Registered Config as Redis for config type StorageConfig
[19:21:36] [Render thread/INFO] (Voxy) [me.cx.vy.cn.cg.Serialization]: Registered Config2 as AutoFragmentationAdaptor for config type StorageConfig
[19:21:36] [Render thread/INFO] (Voxy) [me.cx.vy.cn.cg.Serialization]: Registered Config as CompressionAdaptor for config type StorageConfig
[19:21:36] [Render thread/INFO] (Voxy) [me.cx.vy.cn.cg.Serialization]: Registered BasicPathInsertionConfig as BasicPathConfig for config type StorageConfig
[19:21:36] [Render thread/INFO] (Voxy) [me.cx.vy.cn.cg.Serialization]: Registered Config as FragmentationAdaptor for config type StorageConfig
[19:21:36] [Render thread/INFO] (Voxy) [me.cx.vy.cn.cg.Serialization]: Registered ConditionalStorageBackendConfig as ConditionalConfig for config type StorageConfig
[19:21:36] [Render thread/INFO] (Voxy) [me.cx.vy.cn.cg.Serialization]: Registered Config as ReadonlyCachingLayer for config type StorageConfig
[19:21:36] [Render thread/INFO] (Voxy) [me.cx.vy.cn.cg.Serialization]: Registered Config as LMDB for config type StorageConfig
[19:21:36] [Render thread/INFO] (Voxy) [me.cx.vy.cn.cg.Serialization]: Registered 13 config types
[19:21:36] [Render thread/INFO] (Konkrete) [KONKRETE] Loading v1.9.18 in client-side mode on FABRIC!
[19:21:36] [Render thread/INFO] (Konkrete) [KONKRETE] Server-side modules initialized and ready to use!
[19:21:36] [Render thread/INFO] (Indigo) [Indigo] Different rendering plugin detected; not applying Indigo.
[19:21:36] [Render thread/INFO] (AbstractModInitializer) Initializing Distant Horizons client, firing DhApiBeforeDhInitEvent...
[19:21:36] [Render thread/INFO] (Initializer) Running library validation...
[19:21:36] [Render thread/WARN] (Initializer) Java.awt.headless is false. This means Distant Horizons can't display error and info dialog windows.
[19:21:36] [Render thread/INFO] (AbstractModInitializer) Distant Horizons, Version: 3.3.0
[19:21:36] [Render thread/INFO] (AbstractModInitializer) DH Branch: main
[19:21:36] [Render thread/INFO] (AbstractModInitializer) DH Commit: 04e1f7096f5b511ab27e1a0e944a81c8cc430c92
[19:21:36] [Render thread/INFO] (AbstractModInitializer) DH Jar Build Source: User
[19:21:36] [Render thread/INFO] (FabricClientProxy) Registering Fabric Client Events
[19:21:36] [Render thread/INFO] (FabricServerProxy) Registering Fabric Server Events
[19:21:36] [Render thread/INFO] (ModAccessorInjector) Registered mod compatibility accessor for: [Sodium-Fabric].
[19:21:36] [Render thread/INFO] (AbstractModInitializer) Skipping mod compatibility accessor for: [starlight]
[19:21:36] [Render thread/INFO] (AbstractModInitializer) Skipping mod compatibility accessor for: [optifine]
[19:21:36] [Render thread/INFO] (AbstractModInitializer) Skipping mod compatibility accessor for: [bclib]
[19:21:36] [Render thread/INFO] (AbstractModInitializer) Skipping mod compatibility accessor for: [c2me]
[19:21:36] [Render thread/INFO] (AbstractModInitializer) Skipping mod compatibility accessor for: [imm_ptl_core, immersive_portals, immersive_portals_core]
[19:21:36] [Render thread/INFO] (ModAccessorInjector) Registered mod compatibility accessor for: [iris].
[19:21:36] [Render thread/INFO] (ConfigHandler) Initialising config for [DistantHorizons]
[19:21:36] [Render thread/INFO] (ConfigHandler) [DistantHorizons] Config initialised
[19:21:36] [Render thread/INFO] (IgnoredDimensionCsvHandler) Dimension ignoring disabled, DH will render all dimensions.
[19:21:36] [Render thread/INFO] (DhLogger) Applying config to loggers
[19:21:36] [Render thread/INFO] (Initializer) Garbage collectors: [G1 Young Generation, G1 Concurrent GC, G1 Old Generation]
[19:21:36] [Render thread/WARN] (Initializer) Distant Horizons: G1 Garbage collector detected.
This can cause FPS stuttering. 
It's recommended to use a concurrent garbage collector 
like ZGC (Java 21+) or Shenandoah (Java 8 through 17) 
for a smoother experience. 
This warning can be disabled in the DH config.
[19:21:36] [Render thread/INFO] (Initializer) Explicit Garbage Collection: [Enabled]
[19:21:36] [Render thread/INFO] (AbstractModInitializer) Distant Horizons client Initialized.
[19:21:36] [Render thread/INFO] (voxyworldgenv2) initializing voxy world gen v2 client
[19:21:36] [Render thread/INFO] (SystemUsageTracker) [HUD] Found nvidia-smi at: /usr/bin/nvidia-smi
[19:21:36] [Download-2/ERROR] (Minecraft) Failed to fetch user properties
com.mojang.authlib.exceptions.InvalidCredentialsException: Status: 401
	at knot//com.mojang.authlib.exceptions.MinecraftClientHttpException.toAuthenticationException(MinecraftClientHttpException.java:59)
	at knot//com.mojang.authlib.yggdrasil.YggdrasilUserApiService.fetchProperties(YggdrasilUserApiService.java:150)
	at knot//net.minecraft.client.Minecraft.method_55608(Minecraft.java:433)
	at java.base/java.util.concurrent.CompletableFuture$AsyncSupply.run(CompletableFuture.java:1768)
	at java.base/java.util.concurrent.ThreadPoolExecutor.runWorker(ThreadPoolExecutor.java:1144)
	at java.base/java.util.concurrent.ThreadPoolExecutor$Worker.run(ThreadPoolExecutor.java:642)
	at java.base/java.lang.Thread.run(Thread.java:1583)
Caused by: com.mojang.authlib.exceptions.MinecraftClientHttpException: Status: 401
	at knot//com.mojang.authlib.minecraft.client.MinecraftClient.readInputStream(MinecraftClient.java:103)
	at knot//com.mojang.authlib.minecraft.client.MinecraftClient.get(MinecraftClient.java:56)
	at knot//com.mojang.authlib.yggdrasil.YggdrasilUserApiService.fetchProperties(YggdrasilUserApiService.java:121)
	... 5 more
[19:21:36] [Render thread/INFO] (fpstest) MC Benchmark Core loaded — 43 benchmarks registered
[19:21:36] [Render thread/INFO] (Iris) Queuing DH event binding...
[19:21:36] [Render thread/INFO] (Minecraft) Backend library: LWJGL version 3.3.3-snapshot
[19:21:36] [Render thread/INFO] (Sodium-NvidiaWorkarounds) Modifying process environment to apply workarounds for the NVIDIA graphics driver...
[19:21:37] [ForkJoinPool.commonPool-worker-1/WARN] (Iris) [Iris Update Check] This version doesn't have an update index, skipping.
[19:21:37] [Render thread/INFO] (Iris) Debug functionality is disabled.
[19:21:37] [Render thread/INFO] (Iris) ARB_direct_state_access detected, enabling DSA.
[19:21:37] [Render thread/INFO] (Minecraft) OpenGL Vendor: NVIDIA Corporation
[19:21:37] [Render thread/INFO] (Minecraft) OpenGL Renderer: NVIDIA GeForce RTX 4070 SUPER/PCIe/SSE2
[19:21:37] [Render thread/INFO] (Minecraft) OpenGL Version: 3.3.0 NVIDIA 580.178.04
[19:21:37] [Render thread/INFO] (Sodium-NvidiaWorkarounds) Modifying OpenGL context to apply workarounds for the NVIDIA graphics driver...
[19:21:37] [Render thread/INFO] (Minecraft) Using optional rendering extensions: GL_ARB_buffer_storage, GL_KHR_debug, GL_ARB_vertex_attrib_binding, GL_ARB_direct_state_access, GL_EXT_texture_filter_anisotropic
[19:21:37] [Render thread/INFO] (Iris) Hardware information:
[19:21:37] [Render thread/INFO] (Iris) CPU: 16x AMD Ryzen 7 7700 8-Core Processor
[19:21:37] [Render thread/INFO] (Iris) GPU: NVIDIA GeForce RTX 4070 SUPER/PCIe/SSE2 (Supports OpenGL 3.3.0 NVIDIA 580.178.04)
[19:21:37] [Render thread/INFO] (Iris) OS: Linux (6.8.0-60-generic)
[19:21:37] [Render thread/INFO] (Minecraft) Reloading ResourceManager: vanilla, distanthorizons, fabric-api, fabric-api-base, fabric-api-lookup-api-v1, fabric-biome-api-v1, fabric-block-api-v1, fabric-block-view-api-v2, fabric-client-gametest-api-v1, fabric-command-api-v2, fabric-content-registries-v0, fabric-convention-tags-v1, fabric-convention-tags-v2, fabric-crash-report-info-v1, fabric-data-attachment-api-v1, fabric-data-generation-api-v1, fabric-dimensions-v1, fabric-entity-events-v1, fabric-events-interaction-v0, fabric-game-rule-api-v1, fabric-gametest-api-v1, fabric-item-api-v1, fabric-item-group-api-v1, fabric-key-binding-api-v1, fabric-lifecycle-events-v1, fabric-loot-api-v2, fabric-loot-api-v3, fabric-message-api-v1, fabric-model-loading-api-v1, fabric-networking-api-v1, fabric-object-builder-api-v1, fabric-particles-v1, fabric-recipe-api-v1, fabric-registry-sync-v0, fabric-renderer-api-v1, fabric-renderer-indigo, fabric-rendering-fluids-v1, fabric-rendering-v1, fabric-resource-conditions-api-v1, fabric-resource-loader-v0, fabric-resource-loader-v1, fabric-screen-api-v1, fabric-screen-handler-api-v1, fabric-serialization-api-v1, fabric-sound-api-v1, fabric-tag-api-v1, fabric-transfer-api-v1, fabric-transitive-access-wideners-v1, fabricloader, fancymenu, fpstest, iris, sodium, voxy, voxyworldgenv2
[19:21:37] [Render thread/INFO] (ScreenCustomization) [FANCYMENU] Initializing screen customization engine! Addons should NOT REGISTER TO REGISTRIES anymore now!
[19:21:38] [resourceLoad/INFO] (Minecraft) Found unifont_all_no_pua-17.0.01.hex, loading
[19:21:38] [Download-1/INFO] (Minecraft) Could not authorize you against Realms server: java.lang.RuntimeException: Failed to parse into SignedJWT: FabricMC
[19:21:38] [Download-1/ERROR] (Minecraft) Failed to fetch Realms feature flags
com.mojang.realmsclient.exception.RealmsServiceException: Realms authentication error with message 'java.lang.RuntimeException: Failed to parse into SignedJWT: FabricMC'
	at knot//com.mojang.realmsclient.client.RealmsClient.execute(RealmsClient.java:505)
	at knot//com.mojang.realmsclient.client.RealmsClient.fetchFeatureFlags(RealmsClient.java:160)
	at java.base/java.util.concurrent.CompletableFuture$AsyncSupply.run(CompletableFuture.java:1768)
	at java.base/java.util.concurrent.ThreadPoolExecutor.runWorker(ThreadPoolExecutor.java:1144)
	at java.base/java.util.concurrent.ThreadPoolExecutor$Worker.run(ThreadPoolExecutor.java:642)
	at java.base/java.lang.Thread.run(Thread.java:1583)
[19:21:38] [resourceLoad/INFO] (Minecraft) Found unifont_pua-17.0.01.hex, loading
[19:21:38] [resourceLoad/INFO] (Minecraft) Found unifont_jp_patch-17.0.01.hex, loading
[19:21:38] [Render thread/INFO] (FancyMenu) [FANCYMENU] Starting late client initialization phase..
[19:21:38] [Render thread/ERROR] (Minecraft) ########## GL ERROR ##########
[19:21:38] [Render thread/ERROR] (Minecraft) @ Post startup
[19:21:38] [Render thread/ERROR] (Minecraft) 65547: X11: Standard cursor shape unavailable
[19:21:38] [Render thread/INFO] (AbstractModInitializer) Running Delayed setup...
[19:21:38] [Render thread/INFO] (AbstractModInitializer) Delayed setup complete, firing DhApiAfterDhInitEvent event...
[19:21:38] [Render thread/INFO] (Iris) DH Ready, binding Iris event handlers...
[19:21:38] [Render thread/INFO] (Iris) DH Iris events bound.
[19:21:38] [DH-PostClientInit Thread/INFO] (DependencySetup) Setting DH Rendering API to: [OPEN_GL]...
[19:21:38] [DH-PostClientInit Thread/INFO] (DependencySetup) DH Rendering successfully bound to: [OpenGL]...
[19:21:38] [Render thread/INFO] (Minecraft) OpenAL initialized on device 1MORE SonoFlow
[19:21:38] [Render thread/INFO] (Minecraft) Sound engine started
[19:21:38] [Render thread/INFO] (Minecraft) [FANCYMENU] Reloading AudioResourceHandler after Minecraft SoundEngine reload..
[19:21:38] [Render thread/INFO] (Minecraft) Created: 512x256x0 minecraft:textures/atlas/particles.png-atlas
[19:21:38] [Render thread/INFO] (Minecraft) Created: 128x128x0 minecraft:textures/atlas/decorated_pot.png-atlas
[19:21:38] [Render thread/INFO] (Minecraft) Created: 2048x1024x0 minecraft:textures/atlas/armor_trims.png-atlas
[19:21:38] [Render thread/INFO] (Minecraft) Created: 512x256x0 minecraft:textures/atlas/paintings.png-atlas
[19:21:38] [Render thread/INFO] (Minecraft) Created: 1024x512x0 minecraft:textures/atlas/shield_patterns.png-atlas
[19:21:38] [Render thread/INFO] (Minecraft) Created: 4096x2048x4 minecraft:textures/atlas/blocks.png-atlas
[19:21:39] [Render thread/INFO] (Minecraft) Created: 512x512x0 minecraft:textures/atlas/chest.png-atlas
[19:21:39] [Render thread/INFO] (Minecraft) Created: 256x128x0 minecraft:textures/atlas/celestials.png-atlas
[19:21:39] [Render thread/INFO] (Minecraft) Created: 1024x512x0 minecraft:textures/atlas/banner_patterns.png-atlas
[19:21:39] [Render thread/INFO] (Minecraft) Created: 512x512x0 minecraft:textures/atlas/beds.png-atlas
[19:21:39] [Render thread/INFO] (Minecraft) Created: 1024x512x0 minecraft:textures/atlas/items.png-atlas
[19:21:39] [Render thread/INFO] (Minecraft) Created: 1024x1024x0 minecraft:textures/atlas/gui.png-atlas
[19:21:39] [Render thread/INFO] (Minecraft) Created: 128x64x0 minecraft:textures/atlas/map_decorations.png-atlas
[19:21:39] [Render thread/INFO] (Minecraft) Created: 512x256x0 minecraft:textures/atlas/signs.png-atlas
[19:21:39] [Render thread/INFO] (Minecraft) Created: 512x512x0 minecraft:textures/atlas/shulker_boxes.png-atlas
[19:21:39] [Render thread/INFO] (AudioEngineReloadHandler) [FANCYMENU] Sound engine reload detected. Releasing cached audio resources.
[19:21:39] [Render thread/INFO] (Iris) Shaders are disabled because enableShaders is set to false in iris.properties
[19:21:39] [Render thread/INFO] (ResourceHandlers) [FANCYMENU] Reloading resources..
[19:21:39] [Render thread/INFO] (ResourcePreLoader) [FANCYMENU] Pre-loading resources..
[19:21:39] [Render thread/INFO] (ScreenCustomizationLayerHandler) [FANCYMENU] Minecraft resource reload: FINISHED
[19:21:39] [Render thread/INFO] (SelfUpdater) Distant Horizons auto update disabled.
[19:21:39] [Render thread/INFO] (ScreenCustomizationLayerHandler) [FANCYMENU] ScreenCustomizationLayer registered: title_screen
[19:21:39] [Render thread/INFO] (Iris) Creating pipeline for dimension minecraft:overworld
[19:21:39] [IO-Worker-1/INFO] (Minecraft) Could not authorize you against Realms server: java.lang.RuntimeException: Failed to parse into SignedJWT: FabricMC
[19:21:39] [IO-Worker-1/ERROR] (Minecraft) Couldn't connect to realms
com.mojang.realmsclient.exception.RealmsServiceException: Realms authentication error with message 'java.lang.RuntimeException: Failed to parse into SignedJWT: FabricMC'
	at knot//com.mojang.realmsclient.client.RealmsClient.execute(RealmsClient.java:505)
	at knot//com.mojang.realmsclient.client.RealmsClient.clientCompatible(RealmsClient.java:282)
	at knot//com.mojang.realmsclient.RealmsAvailability.method_52627(RealmsAvailability.java:50)
	at java.base/java.util.concurrent.CompletableFuture$AsyncSupply.run(CompletableFuture.java:1768)
	at java.base/java.util.concurrent.ThreadPoolExecutor.runWorker(ThreadPoolExecutor.java:1144)
	at java.base/java.util.concurrent.ThreadPoolExecutor$Worker.run(ThreadPoolExecutor.java:642)
	at java.base/java.lang.Thread.run(Thread.java:1583)
[19:21:41] [Render thread/INFO] (Minecraft) Stopping!
[19:21:41] [Render thread/INFO] (ScreenCustomizationLayerHandler) [FANCYMENU] ScreenCustomizationLayer registered: progress_screen
[19:21:41] [Render thread/INFO] (CursorHandler) [FANCYMENU] Releasing FancyMenu-owned GLFW cursors during client shutdown..
